2026-04-28 16:54:44, MOVE, v:1, k:fup@abs, mode:PICK
2026-04-28 16:54:45, EXEC, v:1, k:fup@abs, mode:FULL, size:10, fail:COMP
2026-04-28 16:58:56, MOVE, v:1, k:fup@abs, mode:EDIT
2026-04-28 17:04:18, MOVE, v:1, k:fup@abs, mode:EDIT
2026-04-28 17:07:34, EXEC, v:1, k:fup@abs, mode:FULL, rate:0, size:16
2026-04-28 17:09:19, MOVE, v:1, k:fup@abs, mode:EDIT
2026-04-28 17:07:33, MOVE, v:1, k:fup@abs, mode:EDIT
2026-04-28 17:13:16, MOVE, v:1, k:fup@abs, mode:EDIT
2026-04-28 17:16:27, EXEC, v:1, k:fup@abs, mode:FULL, size:18, fail:COMP
2026-04-28 17:16:29, EXEC, v:1, k:fup@abs, mode:FULL, fail:COMP
2026-04-28 17:16:59, EXEC, v:1, k:fup@abs, mode:FULL, rate:0, size:17
2026-04-28 17:16:57, MOVE, v:1, k:fup@abs, mode:EDIT
2026-04-28 17:16:59, MOVE, v:1, k:fup@abs, mode:EDIT
2026-04-28 17:23:39, MOVE, v:1, k:fup@abs, mode:EDIT
2026-04-28 17:25:20, EXEC, v:1, k:fup@abs, mode:FULL, rate:0, size:14
2026-04-28 17:28:27, EXEC, v:1, k:fup@abs, mode:FULL, rate:0, size:16
2026-04-28 17:29:24, MOVE, v:1, k:fup@abs, mode:EDIT
2026-04-28 17:28:27, MOVE, v:1, k:fup@abs, mode:EDIT
2026-04-28 17:30:33, EXEC, v:1, k:fup@abs, mode:FULL, rate:50, size:18
2026-04-28 17:32:18, EXEC, v:1, k:fup@abs, mode:FULL, rate:100, size:20
2026-04-28 17:33:00, MOVE, v:1, k:fup@abs, mode:BACK
2026-04-28 17:33:07, MOVE, v:1, k:fup@max, mode:DOWN
2026-04-28 17:33:08, MOVE, v:1, k:fup@max, mode:PICK
2026-04-28 17:33:08, EXEC, v:1, k:fup@max, mode:FULL, rate:0, size:5
2026-04-28 17:32:49, MOVE, v:1, k:fup@abs, mode:EDIT
2026-04-28 17:32:18, MOVE, v:1, k:fup@abs, mode:EDIT
2026-04-28 17:33:07, MOVE, v:1, k:fup@max, mode:EDIT
2026-04-28 17:33:07, MOVE, v:1, k:fup@max, mode:EDIT
2026-04-28 17:34:23, MOVE, v:1, k:fup@max, mode:EDIT
2026-04-28 17:33:08, MOVE, v:1, k:fup@max, mode:EDIT
2026-04-28 17:39:23, MOVE, v:1, k:fup@max, mode:EDIT
2026-04-28 17:39:54, EXEC, v:1, k:fup@max, mode:FULL, rate:0, size:11
2026-04-28 17:40:09, EXEC, v:1, k:fup@max, mode:FULL, rate:75, size:11
2026-04-28 17:40:34, MOVE, v:1, k:fup@max, mode:PICK
2026-04-28 17:40:35, EXEC, v:1, k:fup@max, mode:FULL, rate:0, size:11
2026-04-28 17:40:49, EXEC, v:1, k:fup@max, mode:FULL, rate:0
2026-04-28 17:41:10, EXEC, v:1, k:fup@max, mode:FULL, rate:75, size:11
2026-04-28 17:43:29, EXEC, v:1, k:fup@max, mode:FULL, rate:0, size:11
2026-04-28 17:43:52, MOVE, v:1, k:fup@max, mode:BACK
2026-04-28 17:44:16, SELF, v:1, k:fup@abs, self:1, rate:50
2026-04-28 17:44:17, MOVE, v:1, k:fup@abs, mode:PICK
2026-04-28 17:44:20, EXEC, v:1, k:fup@abs, mode:FULL, rate:100, size:13
2026-04-28 17:44:22, MOVE, v:1, k:fup@abs, mode:BACK
2026-04-28 17:45:35, MOVE, v:1, k:fup@max, mode:PICK
2026-04-28 17:45:36, EXEC, v:1, k:fup@max, mode:FULL, rate:0
2026-04-28 17:45:45, EXEC, v:1, k:fup@max, mode:FULL, rate:0
2026-04-28 17:48:34, EXEC, v:1, k:fup@max, mode:FULL, rate:0, size:9
2026-04-28 17:48:50, MOVE, v:1, k:fup@max, mode:PICK
2026-04-28 17:48:51, EXEC, v:1, k:fup@max, mode:FULL, rate:0, size:11
2026-04-28 17:49:07, EXEC, v:1, k:fup@max, mode:FULL, rate:50, size:11
2026-04-28 17:49:17, EXEC, v:1, k:fup@max, mode:FULL, rate:75, size:11
2026-04-28 17:49:34, MOVE, v:1, k:fup@max, mode:PICK
2026-04-28 17:49:35, EXEC, v:1, k:fup@max, mode:FULL, rate:0, size:11
2026-04-28 17:51:32, EXEC, v:1, k:fup@max, mode:FULL, rate:75, size:11
2026-04-28 17:51:57, EXEC, v:1, k:fup@max, mode:FULL, rate:100, size:11
2026-04-28 17:53:24, MOVE, v:1, k:fup@max, mode:BACK
2026-04-28 17:53:31, SELF, v:1, k:fup@max, self:1, rate:100
2026-04-28 17:53:45, MOVE, v:1, k:fup@max, mode:PICK
2026-04-28 17:53:46, EXEC, v:1, k:fup@max, mode:FULL, rate:100
2026-04-28 17:53:46, MOVE, v:1, k:fup@max, mode:EDIT
2026-04-28 17:51:53, MOVE, v:1, k:fup@max, mode:EDIT
2026-04-28 17:57:28, MOVE, v:1, k:fup@max, mode:BACK
2026-04-28 17:57:31, MOVE, v:1, k:fup@ou, mode:DOWN
2026-04-28 17:57:32, MOVE, v:1, k:fup@ou, mode:PICK
2026-04-28 17:57:33, EXEC, v:1, k:fup@ou, mode:FULL, rate:0, size:5
2026-04-28 17:57:31, MOVE, v:1, k:fup@ou, mode:EDIT
2026-04-28 17:57:31, MOVE, v:1, k:fup@ou, mode:EDIT
2026-04-28 17:59:30, MOVE, v:1, k:fup@ou, mode:EDIT
2026-04-28 17:57:33, MOVE, v:1, k:fup@ou, mode:EDIT
2026-04-28 18:01:30, EXEC, v:1, k:fup@ou, mode:FULL, size:11, fail:COMP
2026-04-28 18:02:10, MOVE, v:1, k:fup@ou, mode:EDIT
2026-04-28 18:09:06, MOVE, v:1, k:fup@ou, mode:EDIT
2026-04-28 18:11:37, MOVE, v:1, k:fup@ou, mode:EDIT
2026-04-28 18:19:27, MOVE, v:1, k:fup@ou, mode:EDIT
2026-04-28 18:20:22, EXEC, v:1, k:fup@ou, mode:FULL, rate:100, size:11
2026-04-28 18:21:45, SELF, v:1, k:fup@ou, self:1, rate:100
2026-04-28 18:20:20, MOVE, v:1, k:fup@ou, mode:EDIT
2026-04-28 18:20:22, MOVE, v:1, k:fup@ou, mode:EDIT
2026-04-28 18:25:09, MOVE, v:1, k:fup@ou, mode:BACK
2026-04-28 18:25:26, MOVE, v:1, k:fup@abs, mode:PICK
2026-04-28 18:25:27, EXEC, v:1, k:fup@abs, mode:FULL, rate:100
2026-04-28 18:25:27, MOVE, v:1, k:fup@abs, mode:EDIT
2026-04-28 18:29:38, MOVE, v:1, k:fup@abs, mode:BACK
2026-04-28 18:29:41, MOVE, v:1, k:fup@max, mode:PICK
2026-04-28 18:29:42, EXEC, v:1, k:fup@max, mode:FULL, rate:100
2026-04-28 18:29:42, MOVE, v:1, k:fup@max, mode:EDIT
