2026-03-24 16:42:50, MOVE, v:1, k:fup@sobrou, mode:PICK
2026-03-24 16:48:29, EXEC, v:1, k:fup@sobrou, mode:FULL, rate:0, size:13
2026-03-24 16:48:45, EXEC, v:1, k:fup@sobrou, mode:FULL, rate:0
2026-03-24 16:48:46, EXEC, v:1, k:fup@sobrou, mode:FULL, rate:0
2026-03-24 16:48:48, EXEC, v:1, k:fup@sobrou, mode:FULL, rate:0
2026-03-24 16:50:01, EXEC, v:1, k:fup@sobrou, mode:FULL, rate:0
2026-03-24 16:50:03, EXEC, v:1, k:fup@sobrou, mode:FULL, rate:0
2026-03-24 16:50:03, EXEC, v:1, k:fup@sobrou, mode:FULL, rate:0
2026-03-24 16:50:42, EXEC, v:1, k:fup@sobrou, mode:FULL, rate:0, size:13
2026-03-24 16:51:05, MOVE, v:1, k:fup@sobrou, mode:BACK
2026-03-24 16:51:08, MOVE, v:1, k:fup@sobrou, mode:PICK
2026-03-24 16:51:12, EXEC, v:1, k:fup@sobrou, mode:FULL, rate:0, size:13
2026-03-24 16:51:13, EXEC, v:1, k:fup@sobrou, mode:FULL, rate:0
2026-03-24 16:51:13, EXEC, v:1, k:fup@sobrou, mode:FULL, rate:0
2026-03-24 16:51:13, EXEC, v:1, k:fup@sobrou, mode:FULL, rate:0
2026-03-24 16:51:14, EXEC, v:1, k:fup@sobrou, mode:FULL, rate:0
2026-03-24 16:52:03, EXEC, v:1, k:fup@sobrou, mode:FULL, rate:0
2026-03-24 16:52:08, EXEC, v:1, k:fup@sobrou, mode:FULL, rate:0
2026-03-24 16:52:09, EXEC, v:1, k:fup@sobrou, mode:FULL, rate:0
2026-03-24 16:54:42, EXEC, v:1, k:fup@sobrou, mode:FULL, rate:0, size:13
2026-03-24 16:54:43, EXEC, v:1, k:fup@sobrou, mode:FULL, rate:0
2026-03-24 16:54:44, EXEC, v:1, k:fup@sobrou, mode:FULL, rate:0
2026-03-24 16:54:45, EXEC, v:1, k:fup@sobrou, mode:FULL, rate:0
2026-03-24 16:54:46, EXEC, v:1, k:fup@sobrou, mode:FULL, rate:0
2026-03-24 16:54:46, EXEC, v:1, k:fup@sobrou, mode:FULL, rate:0
2026-03-24 16:54:47, EXEC, v:1, k:fup@sobrou, mode:FULL, rate:0
2026-03-24 16:54:48, EXEC, v:1, k:fup@sobrou, mode:FULL, rate:0
2026-03-24 16:54:48, EXEC, v:1, k:fup@sobrou, mode:FULL, rate:0
2026-03-24 16:54:49, EXEC, v:1, k:fup@sobrou, mode:FULL, rate:0
2026-03-24 16:54:50, EXEC, v:1, k:fup@sobrou, mode:FULL, rate:0
2026-03-24 16:54:51, EXEC, v:1, k:fup@sobrou, mode:FULL, rate:0
2026-03-24 16:54:51, EXEC, v:1, k:fup@sobrou, mode:FULL, rate:0
2026-03-24 16:54:52, EXEC, v:1, k:fup@sobrou, mode:FULL, rate:0
2026-03-24 16:54:52, EXEC, v:1, k:fup@sobrou, mode:FULL, rate:0
2026-03-24 16:59:49, EXEC, v:1, k:fup@sobrou, mode:FULL, rate:0
2026-03-24 17:00:57, EXEC, v:1, k:fup@sobrou, mode:FULL, rate:42, size:13
2026-03-24 17:01:59, EXEC, v:1, k:fup@sobrou, mode:FULL, rate:0, size:13
2026-03-24 17:02:18, EXEC, v:1, k:fup@sobrou, mode:FULL, rate:100, size:13
2026-03-24 17:02:48, MOVE, v:1, k:fup@sobrou, mode:BACK
2026-03-24 17:02:53, MOVE, v:1, k:fup@sobrou, mode:PICK
2026-03-24 17:02:56, MOVE, v:1, k:fup@sobrou, mode:BACK
2026-03-24 17:04:08, MOVE, v:1, k:fup@sobrou, mode:PICK
2026-03-24 17:04:09, EXEC, v:1, k:fup@sobrou, mode:FULL, rate:100
2026-03-24 17:04:11, EXEC, v:1, k:fup@sobrou, mode:FULL, rate:100
2026-03-24 17:04:12, MOVE, v:1, k:fup@sobrou, mode:BACK
2026-03-24 17:04:16, MOVE, v:1, k:fup@segundos, mode:DOWN
2026-03-24 17:04:18, MOVE, v:1, k:fup@segundos, mode:PICK
2026-03-24 17:04:36, EXEC, v:1, k:fup@segundos, mode:FULL, rate:0, size:5
2026-03-24 17:04:37, EXEC, v:1, k:fup@segundos, mode:FULL, rate:0
2026-03-24 17:04:45, MOVE, v:1, k:fup@segundos, mode:BACK
2026-03-24 17:04:51, MOVE, v:1, k:fup@sobrou, mode:PICK
2026-03-24 17:04:54, MOVE, v:1, k:fup@sobrou, mode:BACK
2026-03-24 17:05:39, SELF, v:1, k:fup@sobrou, self:1, rate:100, friend:Hanna, refactor:1
2026-03-24 17:58:50, MOVE, v:1, k:fup@segundos, mode:PICK
2026-03-24 17:58:53, EXEC, v:1, k:fup@segundos, mode:FULL, size:7, fail:COMP
2026-03-24 17:58:57, MOVE, v:1, k:fup@segundos, mode:BACK
2026-03-24 17:58:57, MOVE, v:1, k:fup@segundos, mode:PICK
2026-03-24 17:59:00, MOVE, v:1, k:fup@segundos, mode:BACK
2026-03-24 17:59:00, MOVE, v:1, k:fup@segundos, mode:PICK
2026-03-24 17:59:02, EXEC, v:1, k:fup@segundos, mode:FULL, fail:COMP
2026-03-24 17:59:02, MOVE, v:1, k:fup@segundos, mode:BACK
2026-03-24 17:59:03, MOVE, v:1, k:fup@segundos, mode:PICK
2026-03-24 17:59:03, MOVE, v:1, k:fup@segundos, mode:BACK
