2026-04-14 16:31:22, MOVE, v:1, k:eval1@mumia, mode:PICK
2026-04-14 16:31:24, EXEC, v:1, k:eval1@mumia, mode:FULL, rate:22, size:19
2026-04-14 16:33:14, EXEC, v:1, k:eval1@mumia, mode:FULL, rate:44, size:19
2026-04-14 16:33:39, EXEC, v:1, k:eval1@mumia, mode:FULL, rate:44, size:19
2026-04-14 16:34:08, EXEC, v:1, k:eval1@mumia, mode:FULL, rate:55, size:19
2026-04-14 16:34:53, EXEC, v:1, k:eval1@mumia, mode:FULL, rate:55, size:19
2026-04-14 16:34:54, EXEC, v:1, k:eval1@mumia, mode:FULL, rate:55
2026-04-14 16:35:47, EXEC, v:1, k:eval1@mumia, mode:FULL, rate:55, size:19
2026-04-14 16:35:48, EXEC, v:1, k:eval1@mumia, mode:FULL, rate:55
2026-04-14 16:35:48, MOVE, v:1, k:eval1@mumia, mode:EDIT
2026-04-14 16:35:46, MOVE, v:1, k:eval1@mumia, mode:EDIT
2026-04-14 16:36:16, EXEC, v:1, k:eval1@mumia, mode:FULL, rate:55
2026-04-14 16:36:16, EXEC, v:1, k:eval1@mumia, mode:FULL, rate:55
2026-04-14 16:36:37, EXEC, v:1, k:eval1@mumia, mode:FULL, rate:55
2026-04-14 16:37:02, EXEC, v:1, k:eval1@mumia, mode:FULL, rate:55
2026-04-14 16:39:55, EXEC, v:1, k:eval1@mumia, mode:FULL, rate:22, size:19
2026-04-14 16:40:42, EXEC, v:1, k:eval1@mumia, mode:FULL, rate:55, size:19
2026-04-14 16:40:41, MOVE, v:1, k:eval1@mumia, mode:EDIT
2026-04-14 16:40:39, MOVE, v:1, k:eval1@mumia, mode:EDIT
2026-04-14 16:42:20, EXEC, v:1, k:eval1@mumia, mode:FULL, size:19, fail:COMP
2026-04-14 16:42:32, EXEC, v:1, k:eval1@mumia, mode:FULL, rate:22, size:19
2026-04-14 16:42:45, MOVE, v:1, k:eval1@mumia, mode:BACK
2026-04-14 16:43:30, MOVE, v:1, k:fup@vet_i, mode:DOWN
2026-04-14 16:43:30, MOVE, v:1, k:fup@vet_i, mode:PICK
2026-04-14 16:43:31, EXEC, v:1, k:fup@vet_i, mode:FULL, rate:0, size:5
2026-04-14 16:42:30, MOVE, v:1, k:eval1@mumia, mode:EDIT
2026-04-14 16:42:31, MOVE, v:1, k:eval1@mumia, mode:EDIT
2026-04-14 16:43:30, MOVE, v:1, k:fup@vet_i, mode:EDIT
2026-04-14 16:43:30, MOVE, v:1, k:fup@vet_i, mode:EDIT
2026-04-14 16:43:31, MOVE, v:1, k:fup@vet_i, mode:EDIT
2026-04-14 16:45:49, MOVE, v:1, k:fup@vet_i, mode:EDIT
2026-04-14 16:50:51, MOVE, v:1, k:fup@vet_i, mode:EDIT
2026-04-14 16:56:13, MOVE, v:1, k:fup@vet_i, mode:EDIT
2026-04-14 16:59:43, EXEC, v:1, k:fup@vet_i, mode:FULL, rate:0, size:7
2026-04-14 17:03:31, MOVE, v:1, k:fup@vet_i, mode:PICK
2026-04-14 17:03:32, EXEC, v:1, k:fup@vet_i, mode:FULL, rate:0, size:8
2026-04-14 17:03:32, MOVE, v:1, k:fup@vet_i, mode:EDIT
2026-04-14 17:11:16, MOVE, v:1, k:fup@vet_i, mode:BACK
2026-04-14 17:11:37, MOVE, v:1, k:fup@abs, mode:PICK
2026-04-14 17:11:38, EXEC, v:1, k:fup@abs, mode:FULL, rate:0, size:7
2026-04-14 17:11:38, MOVE, v:1, k:fup@abs, mode:EDIT
2026-04-14 17:13:08, MOVE, v:1, k:fup@abs, mode:EDIT
2026-04-14 17:14:45, EXEC, v:1, k:fup@abs, mode:FULL, size:8, fail:COMP
2026-04-14 17:18:28, MOVE, v:1, k:fup@vet_i, mode:EDIT
2026-04-14 17:19:35, MOVE, v:1, k:fup@abs, mode:BACK
2026-04-14 17:19:43, MOVE, v:1, k:fup@vet_iii, mode:DOWN
2026-04-14 17:19:44, MOVE, v:1, k:fup@vet_iii, mode:PICK
2026-04-14 17:19:45, EXEC, v:1, k:fup@vet_iii, mode:FULL, rate:0, size:5
2026-04-14 17:19:28, MOVE, v:1, k:fup@vet_i, mode:EDIT
2026-04-14 17:19:43, MOVE, v:1, k:fup@vet_iii, mode:EDIT
2026-04-14 17:19:43, MOVE, v:1, k:fup@vet_iii, mode:EDIT
2026-04-14 17:19:45, MOVE, v:1, k:fup@vet_iii, mode:EDIT
2026-04-14 17:22:13, MOVE, v:1, k:fup@vet_iii, mode:EDIT
2026-04-14 17:33:06, MOVE, v:1, k:fup@vet_i, mode:EDIT
2026-04-14 17:31:29, MOVE, v:1, k:fup@abs, mode:EDIT
2026-04-14 17:38:16, MOVE, v:1, k:fup@vet_i, mode:EDIT
2026-04-14 17:42:15, EXEC, v:1, k:fup@vet_iii, mode:FULL, size:5, fail:COMP
2026-04-14 17:42:34, MOVE, v:1, k:fup@vet_iii, mode:BACK
2026-04-14 17:42:51, MOVE, v:1, k:fup@vet_i, mode:PICK
2026-04-14 17:42:52, EXEC, v:1, k:fup@vet_i, mode:FULL, rate:0, size:13
2026-04-14 17:42:54, EXEC, v:1, k:fup@vet_i, mode:FULL, rate:0
2026-04-14 17:43:46, EXEC, v:1, k:fup@vet_i, mode:FULL, size:13, fail:COMP
2026-04-14 17:44:57, EXEC, v:1, k:fup@vet_i, mode:FULL, rate:0, size:13
2026-04-14 17:45:30, EXEC, v:1, k:fup@vet_i, mode:FULL, rate:75, size:13
2026-04-14 17:45:29, MOVE, v:1, k:fup@vet_i, mode:EDIT
2026-04-14 17:47:44, MOVE, v:1, k:fup@vet_i, mode:EDIT
2026-04-14 17:47:54, EXEC, v:1, k:fup@vet_i, mode:FULL, rate:100, size:17
2026-04-14 17:48:27, MOVE, v:1, k:fup@vet_i, mode:BACK
2026-04-14 17:49:13, MOVE, v:1, k:fup@vet_i, mode:PICK
2026-04-14 17:49:14, EXEC, v:1, k:fup@vet_i, mode:FULL, rate:100, size:17
2026-04-14 17:49:32, MOVE, v:1, k:fup@vet_i, mode:BACK
2026-04-14 17:49:34, MOVE, v:1, k:fup@vet_ii, mode:DOWN
2026-04-14 17:49:54, MOVE, v:1, k:fup@vet_ii, mode:PICK
2026-04-14 17:49:55, EXEC, v:1, k:fup@vet_ii, mode:FULL, rate:0, size:5
2026-04-14 17:50:35, MOVE, v:1, k:fup@vet_ii, mode:BACK
2026-04-14 17:50:38, MOVE, v:1, k:fup@vet_i, mode:PICK
2026-04-14 17:50:39, MOVE, v:1, k:fup@vet_i, mode:BACK
2026-04-14 17:50:57, SELF, v:1, k:fup@vet_i, self:1, rate:100, friend:Mario
2026-04-14 17:51:06, MOVE, v:1, k:fup@vet_ii, mode:PICK
2026-04-14 17:51:07, EXEC, v:1, k:fup@vet_ii, mode:FULL, size:5, fail:COMP
2026-04-14 17:49:04, MOVE, v:1, k:fup@vet_i, mode:EDIT
2026-04-14 17:49:14, MOVE, v:1, k:fup@vet_i, mode:EDIT
2026-04-14 17:49:34, MOVE, v:1, k:fup@vet_ii, mode:EDIT
2026-04-14 17:49:34, MOVE, v:1, k:fup@vet_ii, mode:EDIT
2026-04-14 17:51:54, MOVE, v:1, k:fup@vet_ii, mode:EDIT
2026-04-14 17:49:55, MOVE, v:1, k:fup@vet_ii, mode:EDIT
2026-04-14 17:57:04, MOVE, v:1, k:fup@vet_ii, mode:EDIT
2026-04-14 17:59:56, EXEC, v:1, k:fup@vet_ii, mode:FULL, rate:0, size:10
2026-04-14 18:02:42, EXEC, v:1, k:fup@vet_ii, mode:FULL, size:13, fail:COMP
2026-04-14 18:01:54, MOVE, v:1, k:fup@vet_ii, mode:EDIT
2026-04-14 17:59:56, MOVE, v:1, k:fup@vet_ii, mode:EDIT
2026-04-14 18:03:02, EXEC, v:1, k:fup@vet_ii, mode:FULL, fail:COMP
2026-04-14 18:03:59, EXEC, v:1, k:fup@vet_ii, mode:FULL, fail:COMP
2026-04-14 18:04:17, MOVE, v:1, k:fup@vet_ii, mode:EDIT
2026-04-14 18:16:18, EXEC, v:1, k:fup@vet_ii, mode:FULL, rate:0, size:13
2026-04-14 18:16:15, MOVE, v:1, k:fup@vet_ii, mode:EDIT
2026-04-14 18:16:18, MOVE, v:1, k:fup@vet_ii, mode:EDIT
