2026-03-10 17:13:54, MOVE, v:1, k:sandbox@user_001, mode:PICK
2026-03-10 17:14:14, EXEC, v:1, k:sandbox@user_001, mode:FREE, size:5
2026-03-10 17:33:05, MOVE, v:1, k:sandbox@user_001, mode:BACK
2026-03-10 17:33:05, MOVE, v:1, k:sandbox@user_001, mode:PICK
2026-03-10 17:33:07, MOVE, v:1, k:sandbox@user_001, mode:BACK
2026-03-10 17:33:07, MOVE, v:1, k:sandbox@user_001, mode:PICK
2026-03-10 17:33:08, MOVE, v:1, k:sandbox@user_001, mode:BACK
2026-03-10 17:33:08, MOVE, v:1, k:sandbox@user_001, mode:PICK
2026-03-10 17:33:08, MOVE, v:1, k:sandbox@user_001, mode:BACK
2026-03-10 17:33:08, MOVE, v:1, k:sandbox@user_001, mode:PICK
2026-03-10 17:33:09, MOVE, v:1, k:sandbox@user_001, mode:BACK
2026-03-10 17:33:09, MOVE, v:1, k:sandbox@user_001, mode:PICK
2026-03-10 17:33:09, MOVE, v:1, k:sandbox@user_001, mode:BACK
2026-03-10 17:33:09, MOVE, v:1, k:sandbox@user_001, mode:PICK
2026-03-10 17:33:10, MOVE, v:1, k:sandbox@user_001, mode:BACK
2026-03-10 17:33:10, MOVE, v:1, k:sandbox@user_001, mode:PICK
2026-03-10 17:34:51, MOVE, v:1, k:sandbox@user_001, mode:BACK
2026-03-10 17:34:52, MOVE, v:1, k:sandbox@user_001, mode:PICK
2026-03-10 17:34:52, MOVE, v:1, k:sandbox@user_001, mode:BACK
2026-03-10 17:34:52, MOVE, v:1, k:sandbox@user_001, mode:PICK
2026-03-10 17:34:53, MOVE, v:1, k:sandbox@user_001, mode:BACK
2026-03-10 17:34:53, MOVE, v:1, k:sandbox@user_001, mode:PICK
2026-03-10 17:34:54, EXEC, v:1, k:sandbox@user_001, mode:FULL, rate:0, size:6
2026-03-10 17:38:59, EXEC, v:1, k:sandbox@user_001, mode:FULL, size:7, fail:COMP
2026-03-10 17:39:00, EXEC, v:1, k:sandbox@user_001, mode:FULL, fail:COMP
2026-03-10 17:39:02, MOVE, v:1, k:sandbox@user_001, mode:BACK
2026-03-10 17:39:02, MOVE, v:1, k:sandbox@user_001, mode:PICK
2026-03-10 17:39:03, MOVE, v:1, k:sandbox@user_001, mode:BACK
2026-03-10 17:39:03, MOVE, v:1, k:sandbox@user_001, mode:PICK
2026-03-10 17:39:04, MOVE, v:1, k:sandbox@user_001, mode:BACK
2026-03-10 17:39:04, MOVE, v:1, k:sandbox@user_001, mode:PICK
2026-03-10 17:39:05, MOVE, v:1, k:sandbox@user_001, mode:BACK
2026-03-10 17:39:05, MOVE, v:1, k:sandbox@user_001, mode:PICK
2026-03-10 17:39:06, EXEC, v:1, k:sandbox@user_001, mode:FULL, fail:COMP
2026-03-10 17:39:07, MOVE, v:1, k:sandbox@user_001, mode:BACK
2026-03-10 17:39:07, MOVE, v:1, k:sandbox@user_001, mode:PICK
2026-03-10 17:39:08, MOVE, v:1, k:sandbox@user_001, mode:BACK
2026-03-10 17:39:08, MOVE, v:1, k:sandbox@user_001, mode:PICK
2026-03-10 17:40:19, EXEC, v:1, k:sandbox@user_001, mode:FULL, rate:0, size:7
2026-03-10 17:40:44, EXEC, v:1, k:sandbox@user_001, mode:FULL, size:8, fail:COMP
2026-03-10 17:40:45, MOVE, v:1, k:sandbox@user_001, mode:BACK
2026-03-10 17:40:46, MOVE, v:1, k:sandbox@user_001, mode:PICK
2026-03-10 17:40:46, MOVE, v:1, k:sandbox@user_001, mode:BACK
2026-03-10 17:41:21, MOVE, v:1, k:sandbox@user_001, mode:PICK
2026-03-10 17:43:08, EXEC, v:1, k:sandbox@user_001, mode:FULL, size:9, fail:COMP
2026-03-10 17:43:11, EXEC, v:1, k:sandbox@user_001, mode:FULL, fail:COMP
2026-03-10 17:43:14, MOVE, v:1, k:sandbox@user_001, mode:BACK
2026-03-10 17:43:14, MOVE, v:1, k:sandbox@user_001, mode:PICK
2026-03-10 17:43:43, EXEC, v:1, k:sandbox@user_001, mode:FULL, fail:COMP
2026-03-10 17:43:44, EXEC, v:1, k:sandbox@user_001, mode:FULL, fail:COMP
2026-03-10 17:43:45, EXEC, v:1, k:sandbox@user_001, mode:FULL, fail:COMP
2026-03-10 17:43:45, EXEC, v:1, k:sandbox@user_001, mode:FULL, fail:COMP
2026-03-10 17:43:46, MOVE, v:1, k:sandbox@user_001, mode:BACK
2026-03-10 17:43:46, MOVE, v:1, k:sandbox@user_001, mode:PICK
2026-03-10 17:43:50, MOVE, v:1, k:sandbox@user_001, mode:BACK
2026-03-10 17:43:51, MOVE, v:1, k:sandbox@user_001, mode:PICK
2026-03-10 17:44:01, MOVE, v:1, k:sandbox@user_001, mode:BACK
2026-03-10 17:44:01, MOVE, v:1, k:sandbox@user_001, mode:PICK
2026-03-10 17:44:04, MOVE, v:1, k:sandbox@user_001, mode:BACK
2026-03-10 17:44:04, MOVE, v:1, k:sandbox@user_001, mode:PICK
2026-03-10 17:45:09, MOVE, v:1, k:sandbox@user_001, mode:BACK
2026-03-10 17:45:10, MOVE, v:1, k:sandbox@user_001, mode:PICK
2026-03-10 17:46:33, MOVE, v:1, k:sandbox@user_001, mode:BACK
2026-03-10 17:46:33, MOVE, v:1, k:sandbox@user_001, mode:PICK
2026-03-10 17:49:18, MOVE, v:1, k:sandbox@user_001, mode:BACK
2026-03-10 17:49:18, MOVE, v:1, k:sandbox@user_001, mode:PICK
2026-03-10 17:49:19, MOVE, v:1, k:sandbox@user_001, mode:BACK
2026-03-10 17:49:19, MOVE, v:1, k:sandbox@user_001, mode:PICK
2026-03-10 17:49:20, EXEC, v:1, k:sandbox@user_001, mode:FULL, rate:0, size:10
2026-03-10 17:50:50, MOVE, v:1, k:sandbox@user_001, mode:BACK
2026-03-10 17:50:50, MOVE, v:1, k:sandbox@user_001, mode:PICK
2026-03-10 17:51:38, MOVE, v:1, k:sandbox@user_001, mode:BACK
2026-03-10 17:51:38, MOVE, v:1, k:sandbox@user_001, mode:PICK
2026-03-10 17:52:10, EXEC, v:1, k:sandbox@user_001, mode:FREE, size:8
2026-03-10 17:53:08, EXEC, v:1, k:sandbox@user_001, mode:FULL, fail:COMP
2026-03-10 17:53:20, MOVE, v:1, k:sandbox@user_001, mode:BACK
2026-03-10 17:53:20, MOVE, v:1, k:sandbox@user_001, mode:PICK
2026-03-10 17:53:23, EXEC, v:1, k:sandbox@user_001, mode:FULL, fail:COMP
2026-03-10 17:53:27, EXEC, v:1, k:sandbox@user_001, mode:FULL, fail:COMP
2026-03-10 17:53:28, EXEC, v:1, k:sandbox@user_001, mode:FULL, fail:COMP
2026-03-10 17:53:29, MOVE, v:1, k:sandbox@user_001, mode:BACK
2026-03-10 17:53:29, MOVE, v:1, k:sandbox@user_001, mode:PICK
2026-03-10 17:53:43, MOVE, v:1, k:sandbox@user_001, mode:BACK
2026-03-10 17:53:44, MOVE, v:1, k:sandbox@user_001, mode:PICK
2026-03-10 17:53:49, EXEC, v:1, k:sandbox@user_001, mode:FREE, size:8
2026-03-10 17:55:31, MOVE, v:1, k:sandbox@user_001, mode:BACK
2026-03-10 17:55:32, MOVE, v:1, k:sandbox@user_001, mode:PICK
2026-03-10 17:55:57, MOVE, v:1, k:sandbox@user_001, mode:BACK
2026-03-10 17:55:57, MOVE, v:1, k:sandbox@user_001, mode:PICK
2026-03-10 17:56:01, EXEC, v:1, k:sandbox@user_001, mode:FULL, rate:0
2026-03-10 17:56:02, EXEC, v:1, k:sandbox@user_001, mode:FULL, rate:0
2026-03-10 17:56:02, EXEC, v:1, k:sandbox@user_001, mode:FULL, rate:0
2026-03-10 17:56:21, EXEC, v:1, k:sandbox@user_001, mode:FREE
2026-03-10 17:57:07, EXEC, v:1, k:sandbox@user_001, mode:FULL, size:8, fail:COMP
2026-03-10 17:57:09, EXEC, v:1, k:sandbox@user_001, mode:FULL, fail:COMP
2026-03-10 17:57:09, EXEC, v:1, k:sandbox@user_001, mode:FULL, fail:COMP
2026-03-10 17:57:10, EXEC, v:1, k:sandbox@user_001, mode:FULL, fail:COMP
2026-03-10 17:57:11, EXEC, v:1, k:sandbox@user_001, mode:FULL, fail:COMP
2026-03-10 17:57:11, EXEC, v:1, k:sandbox@user_001, mode:FULL, fail:COMP
2026-03-10 17:57:29, EXEC, v:1, k:sandbox@user_001, mode:FULL, rate:0, size:8
2026-03-10 17:58:08, EXEC, v:1, k:sandbox@user_001, mode:FREE
2026-03-10 17:58:57, MOVE, v:1, k:sandbox@user_001, mode:BACK
2026-03-10 18:04:34, MOVE, v:1, k:fup@tres, mode:DOWN
2026-03-10 18:04:38, MOVE, v:1, k:fup@tres, mode:PICK
2026-03-10 18:04:39, EXEC, v:1, k:fup@tres, mode:FULL, rate:0, size:5
2026-03-10 18:05:51, MOVE, v:1, k:fup@tres, mode:BACK
2026-03-10 18:05:52, MOVE, v:1, k:fup@tres, mode:PICK
2026-03-10 18:05:53, EXEC, v:1, k:fup@tres, mode:FULL, rate:0
2026-03-10 18:05:56, MOVE, v:1, k:fup@tres, mode:BACK
2026-03-10 18:06:00, MOVE, v:1, k:fup@tres, mode:PICK
2026-03-10 18:14:58, MOVE, v:1, k:fup@tres, mode:BACK
2026-03-10 18:14:58, MOVE, v:1, k:fup@tres, mode:PICK
2026-03-10 18:16:24, MOVE, v:1, k:fup@tres, mode:BACK
2026-03-10 18:16:24, MOVE, v:1, k:fup@tres, mode:PICK
2026-03-10 18:16:43, MOVE, v:1, k:fup@tres, mode:BACK
2026-03-10 18:16:43, MOVE, v:1, k:fup@tres, mode:PICK
2026-03-10 18:16:56, MOVE, v:1, k:fup@tres, mode:BACK
2026-03-10 18:16:56, MOVE, v:1, k:fup@tres, mode:PICK
2026-03-10 18:17:20, MOVE, v:1, k:fup@tres, mode:BACK
2026-03-10 18:17:20, MOVE, v:1, k:fup@tres, mode:PICK
2026-03-10 18:17:25, EXEC, v:1, k:fup@tres, mode:FULL, rate:0
2026-03-10 18:17:27, EXEC, v:1, k:fup@tres, mode:FULL, rate:0
2026-03-10 18:17:57, MOVE, v:1, k:fup@tres, mode:BACK
2026-03-10 18:17:59, MOVE, v:1, k:fup@tres, mode:PICK
2026-03-10 18:20:06, MOVE, v:1, k:fup@tres, mode:BACK
2026-03-10 18:20:06, MOVE, v:1, k:fup@tres, mode:PICK
2026-03-10 18:20:07, MOVE, v:1, k:fup@tres, mode:BACK
2026-03-10 18:20:07, MOVE, v:1, k:fup@tres, mode:PICK
2026-03-10 18:20:08, MOVE, v:1, k:fup@tres, mode:BACK
2026-03-10 18:20:08, MOVE, v:1, k:fup@tres, mode:PICK
2026-03-10 18:20:09, EXEC, v:1, k:fup@tres, mode:FULL, size:7, fail:COMP
2026-03-10 18:20:09, MOVE, v:1, k:fup@tres, mode:BACK
2026-03-10 18:20:09, MOVE, v:1, k:fup@tres, mode:PICK
2026-03-10 18:20:09, MOVE, v:1, k:fup@tres, mode:BACK
2026-03-10 18:20:09, MOVE, v:1, k:fup@tres, mode:PICK
2026-03-10 18:20:10, EXEC, v:1, k:fup@tres, mode:FULL, fail:COMP
2026-03-10 18:20:10, MOVE, v:1, k:fup@tres, mode:BACK
2026-03-10 18:20:59, MOVE, v:1, k:fup@tres, mode:PICK
2026-03-10 18:21:00, EXEC, v:1, k:fup@tres, mode:FULL, fail:COMP
2026-03-10 18:21:02, EXEC, v:1, k:fup@tres, mode:FULL, fail:COMP
2026-03-10 18:21:03, EXEC, v:1, k:fup@tres, mode:FULL, fail:COMP
2026-03-10 18:21:03, EXEC, v:1, k:fup@tres, mode:FULL, fail:COMP
2026-03-10 18:21:03, EXEC, v:1, k:fup@tres, mode:FULL, fail:COMP
2026-03-10 18:21:03, EXEC, v:1, k:fup@tres, mode:FULL, fail:COMP
2026-03-10 18:21:05, MOVE, v:1, k:fup@tres, mode:BACK
2026-03-10 18:21:05, MOVE, v:1, k:fup@tres, mode:PICK
2026-03-10 18:21:06, MOVE, v:1, k:fup@tres, mode:BACK
2026-03-10 18:21:06, MOVE, v:1, k:fup@tres, mode:PICK
2026-03-10 18:21:07, MOVE, v:1, k:fup@tres, mode:BACK
2026-03-10 18:21:07, MOVE, v:1, k:fup@tres, mode:PICK
2026-03-10 18:21:08, EXEC, v:1, k:fup@tres, mode:FULL, fail:COMP
2026-03-10 18:21:08, MOVE, v:1, k:fup@tres, mode:BACK
2026-03-10 18:21:09, MOVE, v:1, k:fup@tres, mode:PICK
2026-03-10 18:21:10, EXEC, v:1, k:fup@tres, mode:FULL, fail:COMP
2026-03-10 18:21:11, MOVE, v:1, k:fup@tres, mode:BACK
2026-03-10 18:21:11, MOVE, v:1, k:fup@tres, mode:PICK
2026-03-10 18:30:12, MOVE, v:1, k:fup@tres, mode:BACK
