2026-03-30 17:21:30, MOVE, v:1, k:fup@segundos, mode:PICK
2026-03-30 17:21:32, EXEC, v:1, k:fup@segundos, mode:FULL, size:7, fail:COMP
2026-03-30 17:33:20, EXEC, v:1, k:fup@segundos, mode:FULL, rate:0, size:8
2026-03-30 17:34:53, EXEC, v:1, k:fup@segundos, mode:FULL, rate:0, size:8
2026-03-30 17:36:19, EXEC, v:1, k:fup@segundos, mode:FULL, rate:0, size:8
2026-03-30 17:36:20, EXEC, v:1, k:fup@segundos, mode:FULL, rate:0
2026-03-30 17:36:20, EXEC, v:1, k:fup@segundos, mode:FULL, rate:0
2026-03-30 17:36:21, EXEC, v:1, k:fup@segundos, mode:FULL, rate:0
2026-03-30 17:36:21, EXEC, v:1, k:fup@segundos, mode:FULL, rate:0
2026-03-30 17:36:22, EXEC, v:1, k:fup@segundos, mode:FULL, rate:0
2026-03-30 17:36:22, EXEC, v:1, k:fup@segundos, mode:FULL, rate:0, size:8
2026-03-30 17:36:23, EXEC, v:1, k:fup@segundos, mode:FULL, rate:0, size:8
2026-03-30 17:36:37, EXEC, v:1, k:fup@segundos, mode:FULL, rate:0, size:8
2026-03-30 17:36:38, EXEC, v:1, k:fup@segundos, mode:FULL, rate:0
2026-03-30 17:36:39, EXEC, v:1, k:fup@segundos, mode:FULL, rate:0
2026-03-30 17:38:30, EXEC, v:1, k:fup@segundos, mode:FULL, rate:0, size:8
2026-03-30 17:38:36, EXEC, v:1, k:fup@segundos, mode:FULL, rate:0
2026-03-30 17:39:03, EXEC, v:1, k:fup@segundos, mode:FULL, rate:0, size:8
2026-03-30 17:39:15, EXEC, v:1, k:fup@segundos, mode:FULL, rate:0, size:8
2026-03-30 17:44:28, EXEC, v:1, k:fup@segundos, mode:FULL, rate:0, size:8
2026-03-30 17:44:29, EXEC, v:1, k:fup@segundos, mode:FULL, rate:0
2026-03-30 17:44:30, EXEC, v:1, k:fup@segundos, mode:FULL, rate:0
2026-03-30 17:44:57, EXEC, v:1, k:fup@segundos, mode:FULL, rate:0, size:8
2026-03-30 17:46:19, EXEC, v:1, k:fup@segundos, mode:FULL, rate:0
2026-03-30 17:46:19, EXEC, v:1, k:fup@segundos, mode:FULL, rate:0
2026-03-30 17:46:19, EXEC, v:1, k:fup@segundos, mode:FULL, rate:0
2026-03-30 17:46:20, EXEC, v:1, k:fup@segundos, mode:FULL, rate:0
2026-03-30 17:46:20, EXEC, v:1, k:fup@segundos, mode:FULL, rate:0
2026-03-30 17:46:21, EXEC, v:1, k:fup@segundos, mode:FULL, rate:0
2026-03-30 17:46:21, EXEC, v:1, k:fup@segundos, mode:FULL, rate:0
2026-03-30 17:46:22, EXEC, v:1, k:fup@segundos, mode:FULL, rate:0
2026-03-30 17:46:22, EXEC, v:1, k:fup@segundos, mode:FULL, rate:0
2026-03-30 17:46:22, EXEC, v:1, k:fup@segundos, mode:FULL, rate:0
2026-03-30 17:46:23, EXEC, v:1, k:fup@segundos, mode:FULL, rate:0
2026-03-30 17:46:23, EXEC, v:1, k:fup@segundos, mode:FULL, rate:0
2026-03-30 17:46:24, EXEC, v:1, k:fup@segundos, mode:FULL, rate:0
2026-03-30 17:46:24, EXEC, v:1, k:fup@segundos, mode:FULL, rate:0
2026-03-30 17:46:25, EXEC, v:1, k:fup@segundos, mode:FULL, rate:0
2026-03-30 17:46:25, EXEC, v:1, k:fup@segundos, mode:FULL, rate:0
2026-03-30 17:46:26, EXEC, v:1, k:fup@segundos, mode:FULL, rate:0
2026-03-30 17:46:26, EXEC, v:1, k:fup@segundos, mode:FULL, rate:0
2026-03-30 17:46:26, EXEC, v:1, k:fup@segundos, mode:FULL, rate:0
2026-03-30 17:46:27, EXEC, v:1, k:fup@segundos, mode:FULL, rate:0
2026-03-30 17:46:27, EXEC, v:1, k:fup@segundos, mode:FULL, rate:0
2026-03-30 17:46:28, EXEC, v:1, k:fup@segundos, mode:FULL, rate:0
2026-03-30 17:46:28, EXEC, v:1, k:fup@segundos, mode:FULL, rate:0
2026-03-30 17:46:29, EXEC, v:1, k:fup@segundos, mode:FULL, rate:0
2026-03-30 17:46:29, EXEC, v:1, k:fup@segundos, mode:FULL, rate:0
2026-03-30 17:46:30, EXEC, v:1, k:fup@segundos, mode:FULL, rate:0
2026-03-30 17:46:30, EXEC, v:1, k:fup@segundos, mode:FULL, rate:0
2026-03-30 17:46:31, EXEC, v:1, k:fup@segundos, mode:FULL, rate:0
2026-03-30 17:46:31, EXEC, v:1, k:fup@segundos, mode:FULL, rate:0
2026-03-30 17:46:31, EXEC, v:1, k:fup@segundos, mode:FULL, rate:0
2026-03-30 17:46:32, EXEC, v:1, k:fup@segundos, mode:FULL, rate:0
2026-03-30 17:46:32, EXEC, v:1, k:fup@segundos, mode:FULL, rate:0
2026-03-30 17:46:33, EXEC, v:1, k:fup@segundos, mode:FULL, rate:0
2026-03-30 17:46:33, EXEC, v:1, k:fup@segundos, mode:FULL, rate:0
2026-03-30 17:46:33, EXEC, v:1, k:fup@segundos, mode:FULL, rate:0
2026-03-30 17:46:34, EXEC, v:1, k:fup@segundos, mode:FULL, rate:0
2026-03-30 17:46:34, EXEC, v:1, k:fup@segundos, mode:FULL, rate:0
2026-03-30 17:46:35, EXEC, v:1, k:fup@segundos, mode:FULL, rate:0
2026-03-30 17:46:35, EXEC, v:1, k:fup@segundos, mode:FULL, rate:0
2026-03-30 17:46:35, EXEC, v:1, k:fup@segundos, mode:FULL, rate:0
2026-03-30 17:46:36, EXEC, v:1, k:fup@segundos, mode:FULL, rate:0
2026-03-30 17:46:36, EXEC, v:1, k:fup@segundos, mode:FULL, rate:0
2026-03-30 17:46:37, EXEC, v:1, k:fup@segundos, mode:FULL, rate:0
2026-03-30 17:46:37, EXEC, v:1, k:fup@segundos, mode:FULL, rate:0
2026-03-30 17:46:37, EXEC, v:1, k:fup@segundos, mode:FULL, rate:0
2026-03-30 17:46:38, EXEC, v:1, k:fup@segundos, mode:FULL, rate:0
2026-03-30 17:46:38, EXEC, v:1, k:fup@segundos, mode:FULL, rate:0
2026-03-30 17:46:39, EXEC, v:1, k:fup@segundos, mode:FULL, rate:0
2026-03-30 17:46:39, EXEC, v:1, k:fup@segundos, mode:FULL, rate:0
2026-03-30 17:46:40, EXEC, v:1, k:fup@segundos, mode:FULL, rate:0
2026-03-30 17:46:40, EXEC, v:1, k:fup@segundos, mode:FULL, rate:0
2026-03-30 17:46:40, EXEC, v:1, k:fup@segundos, mode:FULL, rate:0
2026-03-30 17:46:41, EXEC, v:1, k:fup@segundos, mode:FULL, rate:0
2026-03-30 17:46:41, EXEC, v:1, k:fup@segundos, mode:FULL, rate:0
2026-03-30 17:46:42, EXEC, v:1, k:fup@segundos, mode:FULL, rate:0
2026-03-30 17:46:42, EXEC, v:1, k:fup@segundos, mode:FULL, rate:0
2026-03-30 17:46:43, EXEC, v:1, k:fup@segundos, mode:FULL, rate:0
2026-03-30 17:46:43, EXEC, v:1, k:fup@segundos, mode:FULL, rate:0
2026-03-30 17:46:44, EXEC, v:1, k:fup@segundos, mode:FULL, rate:0
2026-03-30 17:46:44, EXEC, v:1, k:fup@segundos, mode:FULL, rate:0
2026-03-30 17:46:44, EXEC, v:1, k:fup@segundos, mode:FULL, rate:0
2026-03-30 17:46:45, EXEC, v:1, k:fup@segundos, mode:FULL, rate:0
2026-03-30 17:46:45, EXEC, v:1, k:fup@segundos, mode:FULL, rate:0
2026-03-30 17:46:46, EXEC, v:1, k:fup@segundos, mode:FULL, rate:0
2026-03-30 17:46:46, EXEC, v:1, k:fup@segundos, mode:FULL, rate:0
2026-03-30 17:46:47, EXEC, v:1, k:fup@segundos, mode:FULL, rate:0
2026-03-30 17:46:47, EXEC, v:1, k:fup@segundos, mode:FULL, rate:0
2026-03-30 17:46:47, EXEC, v:1, k:fup@segundos, mode:FULL, rate:0
2026-03-30 17:46:48, EXEC, v:1, k:fup@segundos, mode:FULL, rate:0
2026-03-30 17:46:48, EXEC, v:1, k:fup@segundos, mode:FULL, rate:0
2026-03-30 17:46:49, EXEC, v:1, k:fup@segundos, mode:FULL, rate:0
2026-03-30 17:46:50, EXEC, v:1, k:fup@segundos, mode:FULL, rate:0
2026-03-30 17:46:50, EXEC, v:1, k:fup@segundos, mode:FULL, rate:0
2026-03-30 17:46:50, EXEC, v:1, k:fup@segundos, mode:FULL, rate:0
2026-03-30 17:46:51, EXEC, v:1, k:fup@segundos, mode:FULL, rate:0, size:8
2026-03-30 17:46:52, EXEC, v:1, k:fup@segundos, mode:FULL, rate:0
2026-03-30 17:46:53, EXEC, v:1, k:fup@segundos, mode:FULL, rate:0
2026-03-30 17:46:53, EXEC, v:1, k:fup@segundos, mode:FULL, rate:0
2026-03-30 17:46:54, EXEC, v:1, k:fup@segundos, mode:FULL, rate:0
2026-03-30 17:46:54, EXEC, v:1, k:fup@segundos, mode:FULL, rate:0
2026-03-30 17:46:55, EXEC, v:1, k:fup@segundos, mode:FULL, rate:0
2026-03-30 17:46:55, EXEC, v:1, k:fup@segundos, mode:FULL, rate:0
2026-03-30 17:46:56, EXEC, v:1, k:fup@segundos, mode:FULL, rate:0
2026-03-30 17:46:56, EXEC, v:1, k:fup@segundos, mode:FULL, rate:0
2026-03-30 17:46:57, EXEC, v:1, k:fup@segundos, mode:FULL, rate:0
2026-03-30 17:46:57, EXEC, v:1, k:fup@segundos, mode:FULL, rate:0
2026-03-30 17:46:58, EXEC, v:1, k:fup@segundos, mode:FULL, rate:0
2026-03-30 17:46:59, EXEC, v:1, k:fup@segundos, mode:FULL, rate:0
2026-03-30 17:46:59, EXEC, v:1, k:fup@segundos, mode:FULL, rate:0
2026-03-30 17:47:00, EXEC, v:1, k:fup@segundos, mode:FULL, rate:0
2026-03-30 17:47:01, EXEC, v:1, k:fup@segundos, mode:FULL, rate:0
2026-03-30 17:47:02, EXEC, v:1, k:fup@segundos, mode:FULL, rate:0
2026-03-30 17:47:02, EXEC, v:1, k:fup@segundos, mode:FULL, rate:0
2026-03-30 17:47:03, EXEC, v:1, k:fup@segundos, mode:FULL, rate:0
2026-03-30 17:47:03, EXEC, v:1, k:fup@segundos, mode:FULL, rate:0
2026-03-30 17:47:04, EXEC, v:1, k:fup@segundos, mode:FULL, rate:0
2026-03-30 17:47:04, EXEC, v:1, k:fup@segundos, mode:FULL, rate:0
2026-03-30 17:47:05, EXEC, v:1, k:fup@segundos, mode:FULL, rate:0
2026-03-30 17:47:06, EXEC, v:1, k:fup@segundos, mode:FULL, rate:0
2026-03-30 17:47:06, EXEC, v:1, k:fup@segundos, mode:FULL, rate:0
2026-03-30 17:47:07, EXEC, v:1, k:fup@segundos, mode:FULL, rate:0
2026-03-30 17:47:08, EXEC, v:1, k:fup@segundos, mode:FULL, rate:0
2026-03-30 17:47:08, EXEC, v:1, k:fup@segundos, mode:FULL, rate:0
2026-03-30 17:47:09, EXEC, v:1, k:fup@segundos, mode:FULL, rate:0
2026-03-30 17:47:10, EXEC, v:1, k:fup@segundos, mode:FULL, rate:0
2026-03-30 17:47:10, EXEC, v:1, k:fup@segundos, mode:FULL, rate:0
2026-03-30 17:47:11, EXEC, v:1, k:fup@segundos, mode:FULL, rate:0
2026-03-30 17:47:12, EXEC, v:1, k:fup@segundos, mode:FULL, rate:0
2026-03-30 17:47:13, EXEC, v:1, k:fup@segundos, mode:FULL, rate:0
2026-03-30 17:47:13, EXEC, v:1, k:fup@segundos, mode:FULL, rate:0
2026-03-30 17:47:14, EXEC, v:1, k:fup@segundos, mode:FULL, rate:0
2026-03-30 17:47:15, EXEC, v:1, k:fup@segundos, mode:FULL, rate:0
2026-03-30 17:47:16, EXEC, v:1, k:fup@segundos, mode:FULL, rate:0
2026-03-30 17:47:16, EXEC, v:1, k:fup@segundos, mode:FULL, rate:0
2026-03-30 17:47:17, EXEC, v:1, k:fup@segundos, mode:FULL, rate:0
2026-03-30 17:47:18, EXEC, v:1, k:fup@segundos, mode:FULL, rate:0
2026-03-30 17:47:18, EXEC, v:1, k:fup@segundos, mode:FULL, rate:0
2026-03-30 17:47:19, EXEC, v:1, k:fup@segundos, mode:FULL, rate:0
2026-03-30 17:47:19, EXEC, v:1, k:fup@segundos, mode:FULL, rate:0
2026-03-30 17:47:20, EXEC, v:1, k:fup@segundos, mode:FULL, rate:0
2026-03-30 17:47:20, EXEC, v:1, k:fup@segundos, mode:FULL, rate:0
2026-03-30 17:47:21, EXEC, v:1, k:fup@segundos, mode:FULL, rate:0
2026-03-30 17:47:21, EXEC, v:1, k:fup@segundos, mode:FULL, rate:0
2026-03-30 17:47:22, EXEC, v:1, k:fup@segundos, mode:FULL, rate:0
2026-03-30 17:47:23, EXEC, v:1, k:fup@segundos, mode:FULL, rate:0
2026-03-30 17:47:24, EXEC, v:1, k:fup@segundos, mode:FULL, rate:0
2026-03-30 17:47:24, EXEC, v:1, k:fup@segundos, mode:FULL, rate:0
2026-03-30 17:47:25, EXEC, v:1, k:fup@segundos, mode:FULL, rate:0
2026-03-30 17:47:25, EXEC, v:1, k:fup@segundos, mode:FULL, rate:0
2026-03-30 17:47:26, EXEC, v:1, k:fup@segundos, mode:FULL, rate:0
2026-03-30 17:47:27, EXEC, v:1, k:fup@segundos, mode:FULL, rate:0
2026-03-30 17:47:28, EXEC, v:1, k:fup@segundos, mode:FULL, rate:0
2026-03-30 17:47:28, EXEC, v:1, k:fup@segundos, mode:FULL, rate:0
2026-03-30 17:47:29, EXEC, v:1, k:fup@segundos, mode:FULL, rate:0
2026-03-30 17:47:29, EXEC, v:1, k:fup@segundos, mode:FULL, rate:0
2026-03-30 17:47:30, EXEC, v:1, k:fup@segundos, mode:FULL, rate:0
2026-03-30 17:47:30, EXEC, v:1, k:fup@segundos, mode:FULL, rate:0
2026-03-30 17:47:31, EXEC, v:1, k:fup@segundos, mode:FULL, rate:0
2026-03-30 17:47:31, EXEC, v:1, k:fup@segundos, mode:FULL, rate:0
2026-03-30 17:47:31, EXEC, v:1, k:fup@segundos, mode:FULL, rate:0
2026-03-30 17:47:32, EXEC, v:1, k:fup@segundos, mode:FULL, rate:0
2026-03-30 17:47:32, EXEC, v:1, k:fup@segundos, mode:FULL, rate:0
2026-03-30 17:47:33, EXEC, v:1, k:fup@segundos, mode:FULL, rate:0
2026-03-30 17:47:33, EXEC, v:1, k:fup@segundos, mode:FULL, rate:0
2026-03-30 17:47:34, EXEC, v:1, k:fup@segundos, mode:FULL, rate:0
2026-03-30 17:47:34, EXEC, v:1, k:fup@segundos, mode:FULL, rate:0
2026-03-30 17:47:35, EXEC, v:1, k:fup@segundos, mode:FULL, rate:0
2026-03-30 17:47:35, EXEC, v:1, k:fup@segundos, mode:FULL, rate:0
2026-03-30 17:47:35, EXEC, v:1, k:fup@segundos, mode:FULL, rate:0
2026-03-30 17:47:36, EXEC, v:1, k:fup@segundos, mode:FULL, rate:0
2026-03-30 17:47:36, EXEC, v:1, k:fup@segundos, mode:FULL, rate:0
2026-03-30 17:47:37, EXEC, v:1, k:fup@segundos, mode:FULL, rate:0
2026-03-30 17:47:37, EXEC, v:1, k:fup@segundos, mode:FULL, rate:0
2026-03-30 17:47:37, EXEC, v:1, k:fup@segundos, mode:FULL, rate:0
2026-03-30 17:47:38, EXEC, v:1, k:fup@segundos, mode:FULL, rate:0
2026-03-30 17:47:38, EXEC, v:1, k:fup@segundos, mode:FULL, rate:0
2026-03-30 17:47:38, EXEC, v:1, k:fup@segundos, mode:FULL, rate:0
2026-03-30 17:47:39, EXEC, v:1, k:fup@segundos, mode:FULL, rate:0
2026-03-30 17:47:39, EXEC, v:1, k:fup@segundos, mode:FULL, rate:0
2026-03-30 17:47:40, EXEC, v:1, k:fup@segundos, mode:FULL, rate:0
2026-03-30 17:47:41, EXEC, v:1, k:fup@segundos, mode:FULL, rate:0
2026-03-30 17:47:41, EXEC, v:1, k:fup@segundos, mode:FULL, rate:0
2026-03-30 17:47:41, EXEC, v:1, k:fup@segundos, mode:FULL, rate:0
2026-03-30 17:47:42, EXEC, v:1, k:fup@segundos, mode:FULL, rate:0
2026-03-30 17:47:42, EXEC, v:1, k:fup@segundos, mode:FULL, rate:0
2026-03-30 17:47:43, EXEC, v:1, k:fup@segundos, mode:FULL, rate:0
2026-03-30 17:47:44, EXEC, v:1, k:fup@segundos, mode:FULL, rate:0
2026-03-30 17:47:44, EXEC, v:1, k:fup@segundos, mode:FULL, rate:0, size:8
2026-03-30 17:47:44, EXEC, v:1, k:fup@segundos, mode:FULL, rate:0, size:8
2026-03-30 17:47:45, EXEC, v:1, k:fup@segundos, mode:FULL, rate:0, size:8
2026-03-30 17:47:46, EXEC, v:1, k:fup@segundos, mode:FULL, rate:0
2026-03-30 17:47:46, EXEC, v:1, k:fup@segundos, mode:FULL, rate:0, size:8
2026-03-30 17:47:47, EXEC, v:1, k:fup@segundos, mode:FULL, rate:0
2026-03-30 17:47:47, EXEC, v:1, k:fup@segundos, mode:FULL, rate:0
2026-03-30 17:47:48, EXEC, v:1, k:fup@segundos, mode:FULL, rate:0
2026-03-30 17:47:48, EXEC, v:1, k:fup@segundos, mode:FULL, rate:0
2026-03-30 17:47:49, EXEC, v:1, k:fup@segundos, mode:FULL, rate:0
2026-03-30 17:47:49, EXEC, v:1, k:fup@segundos, mode:FULL, rate:0
2026-03-30 17:47:50, EXEC, v:1, k:fup@segundos, mode:FULL, rate:0
2026-03-30 17:47:50, EXEC, v:1, k:fup@segundos, mode:FULL, rate:0
2026-03-30 17:47:51, EXEC, v:1, k:fup@segundos, mode:FULL, rate:0
2026-03-30 17:47:51, EXEC, v:1, k:fup@segundos, mode:FULL, rate:0
2026-03-30 17:47:51, EXEC, v:1, k:fup@segundos, mode:FULL, rate:0
2026-03-30 17:47:52, EXEC, v:1, k:fup@segundos, mode:FULL, rate:0
2026-03-30 17:47:52, EXEC, v:1, k:fup@segundos, mode:FULL, rate:0
2026-03-30 17:47:53, EXEC, v:1, k:fup@segundos, mode:FULL, rate:0, size:8
2026-03-30 17:47:53, EXEC, v:1, k:fup@segundos, mode:FULL, rate:0, size:8
2026-03-30 17:47:54, EXEC, v:1, k:fup@segundos, mode:FULL, rate:0, size:8
2026-03-30 17:47:54, EXEC, v:1, k:fup@segundos, mode:FULL, rate:0, size:8
2026-03-30 17:47:55, EXEC, v:1, k:fup@segundos, mode:FULL, rate:0, size:8
2026-03-30 17:47:55, EXEC, v:1, k:fup@segundos, mode:FULL, rate:0, size:8
2026-03-30 17:47:56, EXEC, v:1, k:fup@segundos, mode:FULL, rate:0
2026-03-30 17:47:56, EXEC, v:1, k:fup@segundos, mode:FULL, rate:0
2026-03-30 17:47:57, EXEC, v:1, k:fup@segundos, mode:FULL, rate:0
2026-03-30 17:47:57, EXEC, v:1, k:fup@segundos, mode:FULL, rate:0
2026-03-30 17:47:58, EXEC, v:1, k:fup@segundos, mode:FULL, rate:0
2026-03-30 17:47:58, EXEC, v:1, k:fup@segundos, mode:FULL, rate:0, size:8
2026-03-30 17:47:59, EXEC, v:1, k:fup@segundos, mode:FULL, rate:0
2026-03-30 17:47:59, EXEC, v:1, k:fup@segundos, mode:FULL, rate:0
2026-03-30 17:48:00, EXEC, v:1, k:fup@segundos, mode:FULL, rate:0
2026-03-30 17:48:00, EXEC, v:1, k:fup@segundos, mode:FULL, rate:0
2026-03-30 17:48:01, EXEC, v:1, k:fup@segundos, mode:FULL, rate:0
2026-03-30 17:48:01, EXEC, v:1, k:fup@segundos, mode:FULL, rate:0
2026-03-30 17:48:02, EXEC, v:1, k:fup@segundos, mode:FULL, rate:0, size:8
2026-03-30 17:48:02, EXEC, v:1, k:fup@segundos, mode:FULL, rate:0, size:8
2026-03-30 17:48:02, EXEC, v:1, k:fup@segundos, mode:FULL, rate:0, size:8
2026-03-30 17:48:03, EXEC, v:1, k:fup@segundos, mode:FULL, rate:0
2026-03-30 17:48:03, EXEC, v:1, k:fup@segundos, mode:FULL, rate:0
2026-03-30 17:48:04, EXEC, v:1, k:fup@segundos, mode:FULL, rate:0
2026-03-30 17:48:04, EXEC, v:1, k:fup@segundos, mode:FULL, rate:0
2026-03-30 17:48:05, EXEC, v:1, k:fup@segundos, mode:FULL, rate:0
2026-03-30 17:48:05, EXEC, v:1, k:fup@segundos, mode:FULL, rate:0
2026-03-30 17:48:05, EXEC, v:1, k:fup@segundos, mode:FULL, rate:0
2026-03-30 17:48:06, EXEC, v:1, k:fup@segundos, mode:FULL, rate:0
2026-03-30 17:48:06, EXEC, v:1, k:fup@segundos, mode:FULL, rate:0
2026-03-30 17:48:07, EXEC, v:1, k:fup@segundos, mode:FULL, rate:0
2026-03-30 17:48:07, EXEC, v:1, k:fup@segundos, mode:FULL, rate:0
2026-03-30 17:48:08, EXEC, v:1, k:fup@segundos, mode:FULL, rate:0
2026-03-30 17:48:08, EXEC, v:1, k:fup@segundos, mode:FULL, rate:0
2026-03-30 17:48:08, EXEC, v:1, k:fup@segundos, mode:FULL, rate:0
2026-03-30 17:48:09, EXEC, v:1, k:fup@segundos, mode:FULL, rate:0
2026-03-30 17:48:09, EXEC, v:1, k:fup@segundos, mode:FULL, rate:0
2026-03-30 17:48:10, EXEC, v:1, k:fup@segundos, mode:FULL, rate:0
2026-03-30 17:48:10, EXEC, v:1, k:fup@segundos, mode:FULL, rate:0
2026-03-30 17:48:10, EXEC, v:1, k:fup@segundos, mode:FULL, rate:0
2026-03-30 17:48:11, EXEC, v:1, k:fup@segundos, mode:FULL, rate:0
2026-03-30 17:48:11, EXEC, v:1, k:fup@segundos, mode:FULL, rate:0
2026-03-30 17:48:12, EXEC, v:1, k:fup@segundos, mode:FULL, rate:0
2026-03-30 17:48:12, EXEC, v:1, k:fup@segundos, mode:FULL, rate:0
2026-03-30 17:48:13, EXEC, v:1, k:fup@segundos, mode:FULL, rate:0
2026-03-30 17:48:13, EXEC, v:1, k:fup@segundos, mode:FULL, rate:0
2026-03-30 17:48:14, EXEC, v:1, k:fup@segundos, mode:FULL, rate:0
2026-03-30 17:48:15, EXEC, v:1, k:fup@segundos, mode:FULL, rate:0
2026-03-30 17:48:15, EXEC, v:1, k:fup@segundos, mode:FULL, rate:0
2026-03-30 17:48:15, EXEC, v:1, k:fup@segundos, mode:FULL, rate:0
2026-03-30 17:48:16, EXEC, v:1, k:fup@segundos, mode:FULL, rate:0
2026-03-30 17:48:16, EXEC, v:1, k:fup@segundos, mode:FULL, rate:0
2026-03-30 17:48:17, EXEC, v:1, k:fup@segundos, mode:FULL, rate:0
2026-03-30 17:48:17, EXEC, v:1, k:fup@segundos, mode:FULL, rate:0
2026-03-30 17:48:18, EXEC, v:1, k:fup@segundos, mode:FULL, rate:0
2026-03-30 17:48:19, EXEC, v:1, k:fup@segundos, mode:FULL, rate:0
2026-03-30 17:48:19, EXEC, v:1, k:fup@segundos, mode:FULL, rate:0
2026-03-30 17:48:19, EXEC, v:1, k:fup@segundos, mode:FULL, rate:0
2026-03-30 18:00:19, EXEC, v:1, k:fup@segundos, mode:FULL, size:10, fail:COMP
2026-03-30 18:00:21, EXEC, v:1, k:fup@segundos, mode:FULL, fail:COMP
2026-03-30 18:00:42, EXEC, v:1, k:fup@segundos, mode:FULL, fail:COMP
2026-03-30 18:02:24, EXEC, v:1, k:fup@segundos, mode:FULL, size:10, fail:COMP
2026-03-30 18:02:25, MOVE, v:1, k:fup@segundos, mode:BACK
2026-03-30 18:02:25, MOVE, v:1, k:fup@segundos, mode:PICK
2026-03-30 18:02:29, EXEC, v:1, k:fup@segundos, mode:FULL, fail:COMP
2026-03-30 18:02:30, EXEC, v:1, k:fup@segundos, mode:FULL, fail:COMP
2026-03-30 18:05:11, EXEC, v:1, k:fup@segundos, mode:FULL, rate:0, size:11
2026-03-30 18:05:13, EXEC, v:1, k:fup@segundos, mode:FULL, rate:0
2026-03-30 18:05:59, EXEC, v:1, k:fup@segundos, mode:FULL, rate:0, size:11
2026-03-30 18:06:00, EXEC, v:1, k:fup@segundos, mode:FULL, rate:0
2026-03-30 18:06:00, EXEC, v:1, k:fup@segundos, mode:FULL, rate:0
2026-03-30 18:06:01, EXEC, v:1, k:fup@segundos, mode:FULL, rate:0
2026-03-30 18:06:25, EXEC, v:1, k:fup@segundos, mode:FULL, rate:0
2026-03-30 18:06:25, EXEC, v:1, k:fup@segundos, mode:FULL, rate:0
2026-03-30 18:06:26, EXEC, v:1, k:fup@segundos, mode:FULL, rate:0
2026-03-30 18:06:26, EXEC, v:1, k:fup@segundos, mode:FULL, rate:0
2026-03-30 18:06:27, EXEC, v:1, k:fup@segundos, mode:FULL, rate:0
2026-03-30 18:06:46, EXEC, v:1, k:fup@segundos, mode:FULL, rate:0, size:11
2026-03-30 18:07:35, EXEC, v:1, k:fup@segundos, mode:FULL, rate:0
2026-03-30 18:08:30, EXEC, v:1, k:fup@segundos, mode:FULL, rate:0, size:11
2026-03-30 18:10:58, EXEC, v:1, k:fup@segundos, mode:FULL, rate:0, size:11
2026-03-30 18:11:14, EXEC, v:1, k:fup@segundos, mode:FULL, rate:0, size:11
2026-03-30 18:11:31, EXEC, v:1, k:fup@segundos, mode:FULL, rate:0, size:11
2026-03-30 18:12:13, EXEC, v:1, k:fup@segundos, mode:FULL, size:11, fail:COMP
2026-03-30 18:13:46, EXEC, v:1, k:fup@segundos, mode:FULL, rate:0, size:11
2026-03-30 18:17:15, EXEC, v:1, k:fup@segundos, mode:FULL, rate:0, size:8
2026-03-30 18:17:30, EXEC, v:1, k:fup@segundos, mode:FULL, rate:0, size:7
2026-03-30 18:17:52, EXEC, v:1, k:fup@segundos, mode:FULL, rate:0, size:7
2026-03-30 18:18:05, EXEC, v:1, k:fup@segundos, mode:FULL, rate:0, size:7
2026-03-30 18:18:21, EXEC, v:1, k:fup@segundos, mode:FULL, rate:0, size:7
2026-03-30 18:19:05, EXEC, v:1, k:fup@segundos, mode:FULL, rate:0
2026-03-30 18:19:06, EXEC, v:1, k:fup@segundos, mode:FULL, rate:0
2026-03-30 18:19:07, EXEC, v:1, k:fup@segundos, mode:FULL, rate:0
2026-03-30 18:19:07, EXEC, v:1, k:fup@segundos, mode:FULL, rate:0
2026-03-30 18:19:08, EXEC, v:1, k:fup@segundos, mode:FULL, rate:0
2026-03-30 18:20:03, EXEC, v:1, k:fup@segundos, mode:FULL, rate:0
2026-03-30 18:20:04, EXEC, v:1, k:fup@segundos, mode:FULL, rate:0
2026-03-30 18:20:04, EXEC, v:1, k:fup@segundos, mode:FULL, rate:0
2026-03-30 18:20:05, EXEC, v:1, k:fup@segundos, mode:FULL, rate:0
2026-03-30 18:20:05, EXEC, v:1, k:fup@segundos, mode:FULL, rate:0
2026-03-30 18:20:06, EXEC, v:1, k:fup@segundos, mode:FULL, rate:0
2026-03-30 18:20:06, EXEC, v:1, k:fup@segundos, mode:FULL, rate:0
2026-03-30 18:20:07, EXEC, v:1, k:fup@segundos, mode:FULL, rate:0
2026-03-30 18:20:07, EXEC, v:1, k:fup@segundos, mode:FULL, rate:0
2026-03-30 18:20:08, EXEC, v:1, k:fup@segundos, mode:FULL, rate:0
2026-03-30 18:20:43, EXEC, v:1, k:fup@segundos, mode:FULL, rate:0
2026-03-30 18:20:44, EXEC, v:1, k:fup@segundos, mode:FULL, rate:0
2026-03-30 18:20:44, EXEC, v:1, k:fup@segundos, mode:FULL, rate:0
2026-03-30 18:20:54, MOVE, v:1, k:fup@segundos, mode:BACK
