2026-04-13 16:54:13, MOVE, v:1, k:eval1@bala, mode:DOWN
2026-04-13 16:54:17, MOVE, v:1, k:eval1@bala, mode:PICK
2026-04-13 16:54:20, EXEC, v:1, k:eval1@bala, mode:FULL, rate:0, size:5
2026-04-13 16:54:13, MOVE, v:1, k:eval1@bala, mode:EDIT
2026-04-13 16:54:13, MOVE, v:1, k:eval1@bala, mode:EDIT
2026-04-13 16:54:20, MOVE, v:1, k:eval1@bala, mode:EDIT
2026-04-13 16:58:03, MOVE, v:1, k:eval1@bala, mode:EDIT
2026-04-13 17:03:07, MOVE, v:1, k:eval1@bala, mode:EDIT
2026-04-13 17:07:47, EXEC, v:1, k:eval1@bala, mode:FULL, rate:0, size:8
2026-04-13 17:06:41, MOVE, v:1, k:eval1@bala, mode:EDIT
2026-04-13 17:07:47, MOVE, v:1, k:eval1@bala, mode:EDIT
2026-04-13 17:12:12, EXEC, v:1, k:eval1@bala, mode:FULL, rate:0, size:8
2026-04-13 17:12:36, EXEC, v:1, k:eval1@bala, mode:FULL, rate:0, size:8
2026-04-13 17:12:54, EXEC, v:1, k:eval1@bala, mode:FULL, size:8, fail:COMP
2026-04-13 17:13:06, EXEC, v:1, k:eval1@bala, mode:FULL, size:8, fail:COMP
2026-04-13 17:13:05, MOVE, v:1, k:eval1@bala, mode:EDIT
2026-04-13 17:12:36, MOVE, v:1, k:eval1@bala, mode:EDIT
2026-04-13 17:15:11, EXEC, v:1, k:eval1@bala, mode:FULL, size:9, fail:COMP
2026-04-13 17:15:12, EXEC, v:1, k:eval1@bala, mode:FULL, fail:COMP
2026-04-13 17:15:12, EXEC, v:1, k:eval1@bala, mode:FULL, fail:COMP
2026-04-13 17:15:46, EXEC, v:1, k:eval1@bala, mode:FULL, rate:0, size:9
2026-04-13 17:15:47, EXEC, v:1, k:eval1@bala, mode:FULL, rate:0
2026-04-13 17:16:34, EXEC, v:1, k:eval1@bala, mode:FULL, rate:0, size:9
2026-04-13 17:17:24, EXEC, v:1, k:eval1@bala, mode:FULL, rate:0, size:9
2026-04-13 17:17:47, EXEC, v:1, k:eval1@bala, mode:FULL, rate:0, size:9
2026-04-13 17:17:55, EXEC, v:1, k:eval1@bala, mode:FULL, rate:0, size:9
2026-04-13 17:17:56, EXEC, v:1, k:eval1@bala, mode:FULL, rate:0
2026-04-13 17:17:58, EXEC, v:1, k:eval1@bala, mode:FULL, rate:0
2026-04-13 17:18:06, EXEC, v:1, k:eval1@bala, mode:FULL, rate:0, size:9
2026-04-13 17:18:04, MOVE, v:1, k:eval1@bala, mode:EDIT
2026-04-13 17:18:06, MOVE, v:1, k:eval1@bala, mode:EDIT
2026-04-13 17:18:18, EXEC, v:1, k:eval1@bala, mode:FULL, rate:0, size:9
2026-04-13 17:18:19, EXEC, v:1, k:eval1@bala, mode:FULL, rate:0
2026-04-13 17:19:28, EXEC, v:1, k:eval1@bala, mode:FULL, rate:16, size:9
2026-04-13 17:19:29, EXEC, v:1, k:eval1@bala, mode:FULL, rate:16
2026-04-13 17:19:31, EXEC, v:1, k:eval1@bala, mode:FULL, rate:16
2026-04-13 17:19:31, EXEC, v:1, k:eval1@bala, mode:FULL, rate:16
2026-04-13 17:19:47, EXEC, v:1, k:eval1@bala, mode:FULL, rate:0, size:9
2026-04-13 17:19:48, EXEC, v:1, k:eval1@bala, mode:FULL, rate:0
2026-04-13 17:20:21, EXEC, v:1, k:eval1@bala, mode:FULL, rate:16, size:9
2026-04-13 17:20:16, MOVE, v:1, k:eval1@bala, mode:EDIT
2026-04-13 17:20:21, MOVE, v:1, k:eval1@bala, mode:EDIT
2026-04-13 17:23:11, EXEC, v:1, k:eval1@bala, mode:FULL, rate:16, size:9
2026-04-13 17:23:19, EXEC, v:1, k:eval1@bala, mode:FULL, size:9, fail:COMP
2026-04-13 17:23:27, EXEC, v:1, k:eval1@bala, mode:FULL, fail:COMP
2026-04-13 17:23:28, EXEC, v:1, k:eval1@bala, mode:FULL, fail:COMP
2026-04-13 17:23:28, EXEC, v:1, k:eval1@bala, mode:FULL, fail:COMP
2026-04-13 17:23:51, EXEC, v:1, k:eval1@bala, mode:FULL, rate:16, size:9
2026-04-13 17:23:52, EXEC, v:1, k:eval1@bala, mode:FULL, rate:16
2026-04-13 17:23:53, EXEC, v:1, k:eval1@bala, mode:FULL, rate:16
2026-04-13 17:23:53, EXEC, v:1, k:eval1@bala, mode:FULL, rate:16
2026-04-13 17:23:53, EXEC, v:1, k:eval1@bala, mode:FULL, rate:16
2026-04-13 17:23:57, EXEC, v:1, k:eval1@bala, mode:FULL, rate:16
2026-04-13 17:23:58, EXEC, v:1, k:eval1@bala, mode:FULL, rate:16
2026-04-13 17:23:58, EXEC, v:1, k:eval1@bala, mode:FULL, rate:16
2026-04-13 17:23:59, EXEC, v:1, k:eval1@bala, mode:FULL, rate:16
2026-04-13 17:26:05, EXEC, v:1, k:eval1@bala, mode:FULL, size:10, fail:COMP
2026-04-13 17:26:15, EXEC, v:1, k:eval1@bala, mode:FULL, size:12, fail:COMP
2026-04-13 17:28:01, MOVE, v:1, k:eval1@bala, mode:EDIT
2026-04-13 17:23:59, MOVE, v:1, k:eval1@bala, mode:EDIT
2026-04-13 17:28:44, EXEC, v:1, k:eval1@bala, mode:FULL, size:10, fail:COMP
2026-04-13 17:33:07, MOVE, v:1, k:eval1@bala, mode:EDIT
2026-04-13 17:35:04, EXEC, v:1, k:eval1@bala, mode:FULL, size:9, fail:COMP
2026-04-13 17:36:31, EXEC, v:1, k:eval1@bala, mode:FULL, size:12, fail:COMP
2026-04-13 17:37:51, EXEC, v:1, k:eval1@bala, mode:FULL, size:12, fail:COMP
2026-04-13 17:37:49, MOVE, v:1, k:eval1@bala, mode:EDIT
2026-04-13 17:40:21, EXEC, v:1, k:eval1@bala, mode:FULL, size:12, fail:COMP
2026-04-13 17:41:27, EXEC, v:1, k:eval1@bala, mode:FULL, size:12, fail:COMP
2026-04-13 17:41:28, EXEC, v:1, k:eval1@bala, mode:FULL, fail:COMP
2026-04-13 17:42:08, EXEC, v:1, k:eval1@bala, mode:FULL, rate:100, size:12
2026-04-13 17:42:42, MOVE, v:1, k:eval1@bala, mode:BACK
2026-04-13 17:42:57, SELF, v:1, k:eval1@bala, self:1, rate:100
2026-04-13 17:43:02, MOVE, v:1, k:eval1@mumia, mode:DOWN
2026-04-13 17:42:02, MOVE, v:1, k:eval1@bala, mode:EDIT
2026-04-13 17:42:08, MOVE, v:1, k:eval1@bala, mode:EDIT
2026-04-13 17:43:02, MOVE, v:1, k:eval1@mumia, mode:EDIT
2026-04-13 17:43:02, MOVE, v:1, k:eval1@mumia, mode:EDIT
2026-04-13 17:43:14, MOVE, v:1, k:eval1@mumia, mode:PICK
2026-04-13 17:43:15, EXEC, v:1, k:eval1@mumia, mode:FULL, rate:0, size:5
2026-04-13 17:43:15, MOVE, v:1, k:eval1@mumia, mode:EDIT
2026-04-13 17:48:00, MOVE, v:1, k:eval1@mumia, mode:EDIT
2026-04-13 17:49:20, MOVE, v:1, k:eval1@mumia, mode:BACK
2026-04-13 17:52:48, MOVE, v:1, k:eval1@mumia, mode:PICK
2026-04-13 17:52:49, EXEC, v:1, k:eval1@mumia, mode:FULL, size:10, fail:COMP
2026-04-13 17:52:53, EXEC, v:1, k:eval1@mumia, mode:FULL, fail:COMP
2026-04-13 17:57:33, MOVE, v:1, k:eval1@mumia, mode:EDIT
2026-04-13 18:02:19, MOVE, v:1, k:eval1@mumia, mode:EDIT
2026-04-13 18:07:32, MOVE, v:1, k:eval1@mumia, mode:EDIT
2026-04-13 18:09:18, EXEC, v:1, k:eval1@mumia, mode:FULL, rate:0, size:19
2026-04-13 18:09:49, EXEC, v:1, k:eval1@mumia, mode:FULL, rate:0, size:19
2026-04-13 18:11:44, EXEC, v:1, k:eval1@mumia, mode:FULL, rate:0, size:21
2026-04-13 18:12:07, EXEC, v:1, k:eval1@mumia, mode:FULL, rate:0, size:21
2026-04-13 18:12:04, MOVE, v:1, k:eval1@mumia, mode:EDIT
2026-04-13 18:12:06, MOVE, v:1, k:eval1@mumia, mode:EDIT
2026-04-13 18:13:48, EXEC, v:1, k:eval1@mumia, mode:FULL, rate:0, size:21
2026-04-13 18:14:01, EXEC, v:1, k:eval1@mumia, mode:FULL, rate:0, size:21
2026-04-13 18:16:10, EXEC, v:1, k:eval1@mumia, mode:FULL, rate:0, size:21
2026-04-13 18:16:25, EXEC, v:1, k:eval1@mumia, mode:FULL, rate:0, size:21
2026-04-13 18:16:26, EXEC, v:1, k:eval1@mumia, mode:FULL, rate:0
2026-04-13 18:17:30, MOVE, v:1, k:eval1@mumia, mode:EDIT
2026-04-13 18:16:26, MOVE, v:1, k:eval1@mumia, mode:EDIT
2026-04-13 18:17:48, EXEC, v:1, k:eval1@mumia, mode:FULL, size:21, fail:COMP
2026-04-13 18:19:19, EXEC, v:1, k:eval1@mumia, mode:FULL, rate:0, size:21
2026-04-13 18:20:43, EXEC, v:1, k:eval1@mumia, mode:FULL, size:21, fail:COMP
2026-04-13 18:20:44, EXEC, v:1, k:eval1@mumia, mode:FULL, fail:COMP
2026-04-13 18:20:44, EXEC, v:1, k:eval1@mumia, mode:FULL, fail:COMP
2026-04-13 18:21:42, EXEC, v:1, k:eval1@mumia, mode:FULL, size:22, fail:COMP
2026-04-13 18:22:35, MOVE, v:1, k:eval1@mumia, mode:EDIT
2026-04-13 18:19:19, MOVE, v:1, k:eval1@mumia, mode:EDIT
2026-04-13 18:22:41, EXEC, v:1, k:eval1@mumia, mode:FULL, rate:0, size:22
2026-04-13 18:23:03, EXEC, v:1, k:eval1@mumia, mode:FULL, rate:0, size:22
2026-04-13 18:23:11, EXEC, v:1, k:eval1@mumia, mode:FULL, rate:0, size:22
2026-04-13 18:23:16, EXEC, v:1, k:eval1@mumia, mode:FULL, rate:0, size:20
2026-04-13 18:23:35, MOVE, v:1, k:eval1@mumia, mode:PICK
2026-04-13 18:23:36, EXEC, v:1, k:eval1@mumia, mode:FULL, rate:0
2026-04-13 18:23:47, EXEC, v:1, k:eval1@mumia, mode:FULL, rate:0
2026-04-13 18:24:40, EXEC, v:1, k:eval1@mumia, mode:FULL, rate:0, size:20
2026-04-13 18:24:52, EXEC, v:1, k:eval1@mumia, mode:FULL, rate:0, size:20
2026-04-13 18:25:51, EXEC, v:1, k:eval1@mumia, mode:FULL, rate:0, size:20
2026-04-13 18:26:01, EXEC, v:1, k:eval1@mumia, mode:FULL, rate:0, size:19
2026-04-13 18:26:02, EXEC, v:1, k:eval1@mumia, mode:FULL, rate:0
2026-04-13 18:26:30, MOVE, v:1, k:eval1@mumia, mode:BACK
