2026-05-04 16:44:41, SELF, v:1, k:fup@ou, self:1
2026-05-04 16:44:41, MOVE, v:1, k:fup@ou, mode:PICK
2026-05-04 16:44:44, EXEC, v:1, k:fup@ou, mode:FULL, rate:100
2026-05-04 16:44:48, MOVE, v:1, k:fup@ou, mode:BACK
2026-05-04 16:44:58, MOVE, v:1, k:fup@positivo, mode:DOWN
2026-05-04 16:45:01, MOVE, v:1, k:fup@positivo, mode:PICK
2026-05-04 16:45:03, EXEC, v:1, k:fup@positivo, mode:FULL, rate:0, size:5
2026-05-04 16:44:44, MOVE, v:1, k:fup@ou, mode:EDIT
2026-05-04 16:44:58, MOVE, v:1, k:fup@positivo, mode:EDIT
2026-05-04 16:44:58, MOVE, v:1, k:fup@positivo, mode:EDIT
2026-05-04 16:47:01, MOVE, v:1, k:fup@positivo, mode:EDIT
2026-05-04 16:45:03, MOVE, v:1, k:fup@positivo, mode:EDIT
2026-05-04 16:59:22, MOVE, v:1, k:fup@positivo, mode:EDIT
2026-05-04 16:59:27, EXEC, v:1, k:fup@positivo, mode:FULL, rate:100, size:11
2026-05-04 17:00:18, SELF, v:1, k:fup@positivo, self:1, rate:100
2026-05-04 17:00:20, EXEC, v:1, k:fup@positivo, mode:FULL, rate:100
2026-05-04 17:00:22, MOVE, v:1, k:fup@positivo, mode:BACK
2026-05-04 17:00:27, MOVE, v:1, k:fup@multiplo, mode:DOWN
2026-05-04 17:00:29, MOVE, v:1, k:fup@multiplo, mode:PICK
2026-05-04 17:03:19, EXEC, v:1, k:fup@multiplo, mode:FULL, size:9, fail:COMP
2026-05-04 17:00:20, MOVE, v:1, k:fup@positivo, mode:EDIT
2026-05-04 17:00:27, MOVE, v:1, k:fup@multiplo, mode:EDIT
2026-05-04 17:00:27, MOVE, v:1, k:fup@multiplo, mode:EDIT
2026-05-04 17:03:25, MOVE, v:1, k:fup@multiplo, mode:EDIT
2026-05-04 17:06:19, EXEC, v:1, k:fup@multiplo, mode:FULL, rate:100, size:11
2026-05-04 17:06:31, MOVE, v:1, k:fup@multiplo, mode:BACK
2026-05-04 17:06:39, SELF, v:1, k:fup@positivo, self:1, rate:100
2026-05-04 17:06:39, MOVE, v:1, k:fup@positivo, mode:PICK
2026-05-04 17:06:41, MOVE, v:1, k:fup@positivo, mode:BACK
2026-05-04 17:06:50, SELF, v:1, k:fup@multiplo, self:1, rate:100
2026-05-04 17:07:07, MOVE, v:1, k:fup@calc, mode:DOWN
2026-05-04 17:07:09, MOVE, v:1, k:fup@calc, mode:PICK
2026-05-04 17:07:10, EXEC, v:1, k:fup@calc, mode:FULL, rate:0, size:5
2026-05-04 17:06:15, MOVE, v:1, k:fup@multiplo, mode:EDIT
2026-05-04 17:06:19, MOVE, v:1, k:fup@multiplo, mode:EDIT
2026-05-04 17:07:07, MOVE, v:1, k:fup@calc, mode:EDIT
2026-05-04 17:07:07, MOVE, v:1, k:fup@calc, mode:EDIT
2026-05-04 17:09:20, MOVE, v:1, k:fup@calc, mode:EDIT
2026-05-04 17:07:10, MOVE, v:1, k:fup@calc, mode:EDIT
2026-05-04 17:14:22, MOVE, v:1, k:fup@calc, mode:EDIT
2026-05-04 17:36:18, MOVE, v:1, k:fup@calc, mode:BACK
2026-05-04 17:36:38, MOVE, v:1, k:fup@xuxa, mode:DOWN
2026-05-04 17:36:39, MOVE, v:1, k:fup@xuxa, mode:PICK
2026-05-04 17:36:41, EXEC, v:1, k:fup@xuxa, mode:FULL, rate:0, size:5
2026-05-04 17:35:54, MOVE, v:1, k:fup@calc, mode:EDIT
2026-05-04 17:36:38, MOVE, v:1, k:fup@xuxa, mode:EDIT
2026-05-04 17:36:38, MOVE, v:1, k:fup@xuxa, mode:EDIT
2026-05-04 17:36:41, MOVE, v:1, k:fup@xuxa, mode:EDIT
2026-05-04 17:37:33, MOVE, v:1, k:fup@xuxa, mode:EDIT
2026-05-04 17:44:08, EXEC, v:1, k:fup@xuxa, mode:FULL, size:5, fail:COMP
2026-05-04 17:44:22, MOVE, v:1, k:fup@calc, mode:EDIT
2026-05-04 17:44:42, EXEC, v:1, k:fup@xuxa, mode:FULL, fail:COMP
2026-05-04 17:49:19, MOVE, v:1, k:fup@calc, mode:EDIT
2026-05-04 17:50:12, EXEC, v:1, k:fup@xuxa, mode:FULL, fail:COMP
2026-05-04 17:52:26, EXEC, v:1, k:fup@xuxa, mode:FULL, fail:COMP
2026-05-04 17:52:46, EXEC, v:1, k:fup@xuxa, mode:FULL, fail:COMP
2026-05-04 17:54:05, MOVE, v:1, k:fup@calc, mode:EDIT
2026-05-04 17:55:13, EXEC, v:1, k:fup@xuxa, mode:FULL, fail:COMP
2026-05-04 17:55:17, EXEC, v:1, k:fup@xuxa, mode:FULL, fail:COMP
2026-05-04 17:56:36, EXEC, v:1, k:fup@xuxa, mode:FULL, fail:COMP
2026-05-04 17:56:53, EXEC, v:1, k:fup@xuxa, mode:FULL, fail:COMP
2026-05-04 17:57:11, EXEC, v:1, k:fup@xuxa, mode:FULL, fail:COMP
2026-05-04 17:57:48, EXEC, v:1, k:fup@xuxa, mode:FULL, fail:COMP
2026-05-04 17:58:41, MOVE, v:1, k:fup@xuxa, mode:BACK
2026-05-04 17:59:05, MOVE, v:1, k:fup@calc, mode:PICK
2026-05-04 17:59:06, EXEC, v:1, k:fup@calc, mode:FULL, rate:0, size:13
2026-05-04 17:59:08, EXEC, v:1, k:fup@calc, mode:FULL, rate:0
2026-05-04 17:59:25, MOVE, v:1, k:fup@calc, mode:EDIT
2026-05-04 17:59:08, MOVE, v:1, k:fup@calc, mode:EDIT
2026-05-04 17:59:34, EXEC, v:1, k:fup@calc, mode:FULL, rate:33, size:13
2026-05-04 18:00:02, EXEC, v:1, k:fup@calc, mode:FULL, rate:33
2026-05-04 18:00:29, EXEC, v:1, k:fup@calc, mode:FULL, rate:33
2026-05-04 18:01:25, EXEC, v:1, k:fup@calc, mode:FULL, rate:33
2026-05-04 18:03:09, EXEC, v:1, k:fup@calc, mode:FULL, rate:33, size:13
2026-05-04 18:03:28, EXEC, v:1, k:fup@calc, mode:FULL, rate:33, size:13
2026-05-04 18:03:24, MOVE, v:1, k:fup@calc, mode:EDIT
2026-05-04 18:03:28, MOVE, v:1, k:fup@calc, mode:EDIT
2026-05-04 18:01:17, MOVE, v:1, k:fup@xuxa, mode:EDIT
2026-05-04 18:04:35, EXEC, v:1, k:fup@calc, mode:FULL, rate:0, size:13
2026-05-04 18:04:36, EXEC, v:1, k:fup@calc, mode:FULL, rate:0
2026-05-04 18:04:52, EXEC, v:1, k:fup@calc, mode:FULL, rate:0, size:13
2026-05-04 18:05:10, EXEC, v:1, k:fup@calc, mode:FULL, rate:0
2026-05-04 18:05:38, EXEC, v:1, k:fup@calc, mode:FULL, rate:0, size:13
2026-05-04 18:07:14, EXEC, v:1, k:fup@calc, mode:FULL, rate:11, size:13
2026-05-04 18:07:49, EXEC, v:1, k:fup@calc, mode:FULL, rate:33, size:13
2026-05-04 18:09:20, MOVE, v:1, k:fup@calc, mode:EDIT
2026-05-04 18:07:49, MOVE, v:1, k:fup@calc, mode:EDIT
2026-05-04 18:11:00, EXEC, v:1, k:fup@calc, mode:FULL, rate:100, size:20
2026-05-04 18:11:04, MOVE, v:1, k:fup@calc, mode:BACK
2026-05-04 18:11:11, SELF, v:1, k:fup@calc, self:1, rate:100
2026-05-04 18:11:12, MOVE, v:1, k:fup@calc, mode:PICK
2026-05-04 18:11:13, EXEC, v:1, k:fup@calc, mode:FULL, rate:100
2026-05-04 18:11:13, MOVE, v:1, k:fup@calc, mode:BACK
2026-05-04 18:11:17, MOVE, v:1, k:fup@guarda, mode:DOWN
2026-05-04 18:11:18, MOVE, v:1, k:fup@guarda, mode:PICK
2026-05-04 18:11:19, EXEC, v:1, k:fup@guarda, mode:FULL, rate:0, size:5
2026-05-04 18:10:58, MOVE, v:1, k:fup@calc, mode:EDIT
2026-05-04 18:11:12, MOVE, v:1, k:fup@calc, mode:EDIT
2026-05-04 18:11:17, MOVE, v:1, k:fup@guarda, mode:EDIT
2026-05-04 18:11:17, MOVE, v:1, k:fup@guarda, mode:EDIT
2026-05-04 18:14:25, MOVE, v:1, k:fup@guarda, mode:EDIT
2026-05-04 18:11:19, MOVE, v:1, k:fup@guarda, mode:EDIT
2026-05-04 18:15:34, MOVE, v:1, k:fup@guarda, mode:EDIT
