2026-03-16 16:55:38, MOVE, v:1, k:fup@tres, mode:PICK
2026-03-16 16:55:43, EXEC, v:1, k:fup@tres, mode:FULL, size:7, fail:COMP
2026-03-16 17:16:56, MOVE, v:1, k:fup@tres, mode:BACK
2026-03-16 17:16:56, MOVE, v:1, k:fup@tres, mode:PICK
2026-03-16 17:28:41, MOVE, v:1, k:fup@tres, mode:BACK
2026-03-16 17:28:42, MOVE, v:1, k:fup@tres, mode:PICK
2026-03-16 17:28:43, EXEC, v:1, k:fup@tres, mode:FULL, fail:COMP
2026-03-16 17:28:44, EXEC, v:1, k:fup@tres, mode:FULL, fail:COMP
2026-03-16 17:28:45, EXEC, v:1, k:fup@tres, mode:FULL, fail:COMP
2026-03-16 17:28:45, EXEC, v:1, k:fup@tres, mode:FULL, fail:COMP
2026-03-16 17:28:46, EXEC, v:1, k:fup@tres, mode:FULL, fail:COMP
2026-03-16 17:28:46, MOVE, v:1, k:fup@tres, mode:BACK
2026-03-16 17:28:46, MOVE, v:1, k:fup@tres, mode:PICK
2026-03-16 17:28:54, EXEC, v:1, k:fup@tres, mode:FREE
2026-03-16 17:43:27, EXEC, v:1, k:fup@tres, mode:FULL, fail:COMP
2026-03-16 17:43:38, EXEC, v:1, k:fup@tres, mode:FULL, fail:COMP
2026-03-16 17:43:42, MOVE, v:1, k:fup@tres, mode:BACK
2026-03-16 17:43:48, MOVE, v:1, k:fup@tres, mode:PICK
2026-03-16 17:43:49, EXEC, v:1, k:fup@tres, mode:FULL, fail:COMP
2026-03-16 17:44:17, MOVE, v:1, k:fup@tres, mode:BACK
2026-03-16 17:44:21, MOVE, v:1, k:fup@tres, mode:PICK
2026-03-16 17:52:06, MOVE, v:1, k:fup@tres, mode:BACK
2026-03-16 17:52:07, MOVE, v:1, k:fup@tres, mode:PICK
2026-03-16 17:52:10, MOVE, v:1, k:fup@tres, mode:BACK
2026-03-16 17:52:10, MOVE, v:1, k:fup@tres, mode:PICK
2026-03-16 17:52:26, EXEC, v:1, k:fup@tres, mode:FREE, size:7
2026-03-16 17:52:38, EXEC, v:1, k:fup@tres, mode:FULL, rate:100
2026-03-16 17:52:42, EXEC, v:1, k:fup@tres, mode:FULL, rate:100
2026-03-16 17:53:05, MOVE, v:1, k:fup@tres, mode:BACK
2026-03-16 17:54:01, SELF, v:1, k:fup@tres, self:1, rate:100
2026-03-16 17:54:09, MOVE, v:1, k:fup@resto, mode:DOWN
2026-03-16 18:00:14, SELF, v:1, k:fup@resto, self:1, study:9, guided:1
2026-03-16 18:01:04, MOVE, v:1, k:fup@resto, mode:PICK
2026-03-16 18:01:06, MOVE, v:1, k:fup@resto, mode:BACK
2026-03-16 18:01:20, SELF, v:1, k:fup@resto, self:1, study:9, guided:1
2026-03-16 18:01:22, MOVE, v:1, k:fup@resto, mode:PICK
2026-03-16 18:01:23, MOVE, v:1, k:fup@resto, mode:BACK
2026-03-16 18:01:38, SELF, v:1, k:fup@resto, self:1, study:6
2026-03-16 18:01:52, SELF, v:1, k:fup@resto, self:1, study:6
2026-03-16 18:01:55, MOVE, v:1, k:fup@resto, mode:PICK
2026-03-16 18:01:57, EXEC, v:1, k:fup@resto, mode:FULL, rate:0, size:7
2026-03-16 18:02:02, EXEC, v:1, k:fup@resto, mode:FULL, rate:0, size:8
2026-03-16 18:02:07, EXEC, v:1, k:fup@resto, mode:FULL, rate:0
2026-03-16 18:03:41, EXEC, v:1, k:fup@resto, mode:FULL, rate:0, size:8
2026-03-16 18:03:42, EXEC, v:1, k:fup@resto, mode:FULL, rate:0
2026-03-16 18:03:46, EXEC, v:1, k:fup@resto, mode:FULL, rate:0
2026-03-16 18:03:46, EXEC, v:1, k:fup@resto, mode:FULL, rate:0
2026-03-16 18:03:47, EXEC, v:1, k:fup@resto, mode:FULL, rate:0
2026-03-16 18:03:50, MOVE, v:1, k:fup@resto, mode:BACK
2026-03-16 18:03:50, MOVE, v:1, k:fup@resto, mode:PICK
2026-03-16 18:03:51, EXEC, v:1, k:fup@resto, mode:FULL, rate:0
2026-03-16 18:03:53, EXEC, v:1, k:fup@resto, mode:FULL, rate:0
2026-03-16 18:03:54, EXEC, v:1, k:fup@resto, mode:FULL, rate:0
2026-03-16 18:03:54, EXEC, v:1, k:fup@resto, mode:FULL, rate:0
2026-03-16 18:03:55, EXEC, v:1, k:fup@resto, mode:FULL, rate:0
2026-03-16 18:04:18, EXEC, v:1, k:fup@resto, mode:FULL, rate:100, size:8
2026-03-16 18:04:29, MOVE, v:1, k:fup@resto, mode:BACK
2026-03-16 18:07:18, MOVE, v:1, k:fup@media, mode:DOWN
2026-03-16 18:12:17, MOVE, v:1, k:fup@media, mode:PICK
2026-03-16 18:12:21, EXEC, v:1, k:fup@media, mode:FULL, rate:0, size:7
2026-03-16 18:12:22, EXEC, v:1, k:fup@media, mode:FULL, rate:0
2026-03-16 18:12:23, EXEC, v:1, k:fup@media, mode:FULL, rate:0
2026-03-16 18:12:23, EXEC, v:1, k:fup@media, mode:FULL, rate:0
2026-03-16 18:12:24, EXEC, v:1, k:fup@media, mode:FULL, rate:0
2026-03-16 18:12:24, EXEC, v:1, k:fup@media, mode:FULL, rate:0
2026-03-16 18:12:26, EXEC, v:1, k:fup@media, mode:FULL, rate:0
2026-03-16 18:12:27, EXEC, v:1, k:fup@media, mode:FULL, rate:0
2026-03-16 18:12:27, EXEC, v:1, k:fup@media, mode:FULL, rate:0
2026-03-16 18:12:27, EXEC, v:1, k:fup@media, mode:FULL, rate:0
2026-03-16 18:13:11, EXEC, v:1, k:fup@media, mode:FULL, rate:100, size:7
2026-03-16 18:13:30, MOVE, v:1, k:fup@media, mode:BACK
2026-03-16 18:14:41, SELF, v:1, k:fup@media, self:1, rate:100, study:9, friend:gabriel
2026-03-16 18:14:55, MOVE, v:1, k:fup@sobrou, mode:DOWN
2026-03-16 18:15:00, MOVE, v:1, k:fup@sobrou, mode:PICK
2026-03-16 18:15:26, MOVE, v:1, k:fup@sobrou, mode:BACK
2026-03-16 18:15:45, MOVE, v:1, k:fup@sobrou, mode:PICK
