2026-05-11 14:33:08, SELF, v:1, k:fup@ou, self:1, study:9
2026-05-11 14:33:24, MOVE, v:1, k:fup@impar, mode:PICK
2026-05-11 14:33:27, EXEC, v:1, k:fup@impar, mode:FULL, rate:42
2026-05-11 14:34:15, EXEC, v:1, k:fup@impar, mode:FULL, rate:42
2026-05-11 14:34:17, EXEC, v:1, k:fup@impar, mode:FULL, rate:42
2026-05-11 14:34:17, MOVE, v:1, k:fup@impar, mode:EDIT
2026-05-11 14:34:41, MOVE, v:1, k:fup@impar, mode:EDIT
2026-05-11 14:43:20, MOVE, v:1, k:fup@impar, mode:BACK
2026-05-11 16:18:52, SELF, v:1, k:fup@multiplo, self:1
2026-05-11 16:19:05, MOVE, v:1, k:fup@impar, mode:PICK
2026-05-11 16:19:08, EXEC, v:1, k:fup@impar, mode:FULL, rate:42
2026-05-11 16:19:55, MOVE, v:1, k:fup@impar, mode:BACK
2026-05-11 16:22:25, MOVE, v:1, k:fup@impar, mode:PICK
2026-05-11 16:22:26, EXEC, v:1, k:fup@impar, mode:FULL, rate:42
2026-05-11 16:23:45, MOVE, v:1, k:fup@impar, mode:BACK
2026-05-11 16:25:09, MOVE, v:1, k:fup@impar, mode:PICK
2026-05-11 16:25:10, EXEC, v:1, k:fup@impar, mode:FULL, rate:42, size:13
2026-05-11 16:25:10, MOVE, v:1, k:fup@impar, mode:EDIT
2026-05-11 16:25:56, MOVE, v:1, k:fup@impar, mode:EDIT
2026-05-11 16:35:04, MOVE, v:1, k:fup@impar, mode:EDIT
2026-05-11 16:39:27, EXEC, v:1, k:fup@impar, mode:FULL, rate:100, size:21
2026-05-11 16:39:49, SELF, v:1, k:fup@impar, self:1, rate:100
2026-05-11 16:39:52, MOVE, v:1, k:fup@impar, mode:BACK
2026-05-11 16:39:55, MOVE, v:1, k:fup@round, mode:DOWN
2026-05-11 16:39:56, MOVE, v:1, k:fup@round, mode:PICK
2026-05-11 16:39:58, EXEC, v:1, k:fup@round, mode:FULL, rate:0, size:5
2026-05-11 16:39:25, MOVE, v:1, k:fup@impar, mode:EDIT
2026-05-11 16:39:27, MOVE, v:1, k:fup@impar, mode:EDIT
2026-05-11 16:39:55, MOVE, v:1, k:fup@round, mode:EDIT
2026-05-11 16:39:55, MOVE, v:1, k:fup@round, mode:EDIT
2026-05-11 16:39:58, MOVE, v:1, k:fup@round, mode:EDIT
2026-05-11 16:41:47, EXEC, v:1, k:fup@round, mode:FULL, rate:0
2026-05-11 16:41:47, MOVE, v:1, k:fup@round, mode:EDIT
2026-05-11 16:47:30, MOVE, v:1, k:fup@round, mode:EDIT
2026-05-11 17:01:03, MOVE, v:1, k:fup@round, mode:EDIT
2026-05-11 17:20:06, MOVE, v:1, k:fup@round, mode:EDIT
2026-05-11 17:20:20, MOVE, v:1, k:fup@round, mode:EDIT
2026-05-11 17:29:03, EXEC, v:1, k:fup@round, mode:FULL, rate:0, size:10
2026-05-11 17:29:53, MOVE, v:1, k:fup@round, mode:BACK
2026-05-11 17:30:31, SELF, v:1, k:fup@impar, self:1, rate:42
2026-05-11 17:30:40, MOVE, v:1, k:fup@mumia, mode:DOWN
2026-05-11 17:30:40, MOVE, v:1, k:fup@mumia, mode:PICK
2026-05-11 17:30:42, EXEC, v:1, k:fup@mumia, mode:FULL, rate:0, size:5
2026-05-11 17:30:40, MOVE, v:1, k:fup@mumia, mode:EDIT
2026-05-11 17:30:40, MOVE, v:1, k:fup@mumia, mode:EDIT
2026-05-11 17:35:01, MOVE, v:1, k:fup@mumia, mode:EDIT
2026-05-11 17:30:42, MOVE, v:1, k:fup@mumia, mode:EDIT
2026-05-11 17:38:46, EXEC, v:1, k:fup@mumia, mode:FULL, rate:0, size:18
2026-05-11 17:39:08, EXEC, v:1, k:fup@mumia, mode:FULL, rate:22, size:18
2026-05-11 17:39:17, EXEC, v:1, k:fup@mumia, mode:FULL, rate:22, size:18
2026-05-11 17:39:25, EXEC, v:1, k:fup@mumia, mode:FULL, rate:44, size:18
2026-05-11 17:39:31, EXEC, v:1, k:fup@mumia, mode:FULL, rate:66, size:18
2026-05-11 17:39:41, EXEC, v:1, k:fup@mumia, mode:FULL, rate:100, size:18
2026-05-11 17:39:56, SELF, v:1, k:fup@mumia, self:1, rate:100
2026-05-11 17:39:58, MOVE, v:1, k:fup@mumia, mode:BACK
2026-05-11 17:39:40, MOVE, v:1, k:fup@mumia, mode:EDIT
2026-05-11 17:39:41, MOVE, v:1, k:fup@mumia, mode:EDIT
2026-05-11 17:40:35, SELF, v:1, k:fup@mumia, self:1, rate:100
2026-05-11 17:46:49, MOVE, v:1, k:fup@meio, mode:DOWN
2026-05-11 17:46:50, MOVE, v:1, k:fup@meio, mode:PICK
2026-05-11 17:46:51, EXEC, v:1, k:fup@meio, mode:FULL, rate:0, size:5
2026-05-11 17:46:49, MOVE, v:1, k:fup@meio, mode:EDIT
2026-05-11 17:46:49, MOVE, v:1, k:fup@meio, mode:EDIT
2026-05-11 17:46:51, MOVE, v:1, k:fup@meio, mode:EDIT
2026-05-11 17:47:33, MOVE, v:1, k:fup@meio, mode:EDIT
2026-05-11 17:51:49, EXEC, v:1, k:fup@meio, mode:FULL, rate:0, size:7
2026-05-11 17:51:31, MOVE, v:1, k:fup@meio, mode:EDIT
2026-05-11 17:51:49, MOVE, v:1, k:fup@meio, mode:EDIT
2026-05-11 18:00:02, MOVE, v:1, k:fup@meio, mode:EDIT
2026-05-11 18:01:21, EXEC, v:1, k:fup@meio, mode:FULL, rate:60, size:13
2026-05-11 18:03:13, EXEC, v:1, k:fup@meio, mode:FULL, rate:60
2026-05-11 18:05:02, MOVE, v:1, k:fup@meio, mode:EDIT
2026-05-11 18:03:13, MOVE, v:1, k:fup@meio, mode:EDIT
2026-05-11 18:05:03, EXEC, v:1, k:fup@meio, mode:FULL, rate:10, size:13
2026-05-11 18:05:12, MOVE, v:1, k:fup@meio, mode:PICK
2026-05-11 18:05:13, EXEC, v:1, k:fup@meio, mode:FULL, rate:10
2026-05-11 18:05:43, EXEC, v:1, k:fup@meio, mode:FULL, rate:60, size:13
2026-05-11 18:05:43, MOVE, v:1, k:fup@meio, mode:EDIT
2026-05-11 18:05:18, MOVE, v:1, k:fup@meio, mode:EDIT
2026-05-11 18:15:09, MOVE, v:1, k:fup@meio, mode:EDIT
2026-05-11 18:16:51, EXEC, v:1, k:fup@meio, mode:FULL, rate:80, size:21
2026-05-11 18:17:31, EXEC, v:1, k:fup@meio, mode:FULL, rate:80, size:21
2026-05-11 18:18:19, EXEC, v:1, k:fup@meio, mode:FULL, rate:100, size:21
2026-05-11 18:19:19, EXEC, v:1, k:fup@meio, mode:FULL, rate:100, size:19
2026-05-11 18:19:41, SELF, v:1, k:fup@meio, self:1, rate:100, friend:Daniel
2026-05-11 18:19:42, EXEC, v:1, k:fup@meio, mode:FULL, rate:100
2026-05-11 18:19:43, EXEC, v:1, k:fup@meio, mode:FULL, rate:100
2026-05-11 18:19:44, MOVE, v:1, k:fup@meio, mode:BACK
2026-05-11 18:20:02, MOVE, v:1, k:fup@meio, mode:PICK
2026-05-11 18:19:18, MOVE, v:1, k:fup@meio, mode:EDIT
2026-05-11 18:19:43, MOVE, v:1, k:fup@meio, mode:EDIT
