2026-03-31 17:01:21, MOVE, v:1, k:fup@segundos, mode:PICK
2026-03-31 17:01:23, EXEC, v:1, k:fup@segundos, mode:FULL, rate:0
2026-03-31 17:01:25, EXEC, v:1, k:fup@segundos, mode:FULL, rate:0
2026-03-31 17:01:27, EXEC, v:1, k:fup@segundos, mode:FULL, rate:0
2026-03-31 17:03:27, EXEC, v:1, k:fup@segundos, mode:FULL, rate:100, size:7
2026-03-31 17:03:33, EXEC, v:1, k:fup@segundos, mode:FULL, rate:100
2026-03-31 17:03:35, MOVE, v:1, k:fup@segundos, mode:BACK
2026-03-31 17:03:51, MOVE, v:1, k:fup@segundos, mode:PICK
2026-03-31 17:03:53, EXEC, v:1, k:fup@segundos, mode:FULL, rate:100
2026-03-31 17:03:53, MOVE, v:1, k:fup@segundos, mode:BACK
2026-03-31 17:05:54, SELF, v:1, k:fup@segundos, self:1, rate:100, concept:1, problem:1, refactor:1
2026-03-31 17:06:02, MOVE, v:1, k:fup@celsius, mode:DOWN
2026-03-31 17:16:49, MOVE, v:1, k:fup@celsius, mode:PICK
2026-03-31 17:16:50, EXEC, v:1, k:fup@celsius, mode:FULL, size:8, fail:COMP
2026-03-31 17:16:52, EXEC, v:1, k:fup@celsius, mode:FULL, fail:COMP
2026-03-31 17:16:52, EXEC, v:1, k:fup@celsius, mode:FULL, fail:COMP
2026-03-31 17:16:53, EXEC, v:1, k:fup@celsius, mode:FULL, fail:COMP
2026-03-31 17:17:21, EXEC, v:1, k:fup@celsius, mode:FULL, size:8, fail:COMP
2026-03-31 17:17:30, EXEC, v:1, k:fup@celsius, mode:FULL, size:8, fail:COMP
2026-03-31 17:22:33, EXEC, v:1, k:fup@celsius, mode:FULL, size:8, fail:COMP
2026-03-31 17:22:33, EXEC, v:1, k:fup@celsius, mode:FULL, size:8, fail:COMP
2026-03-31 17:22:43, EXEC, v:1, k:fup@celsius, mode:FULL, size:8, fail:COMP
2026-03-31 17:22:44, EXEC, v:1, k:fup@celsius, mode:FULL, fail:COMP
2026-03-31 17:34:30, EXEC, v:1, k:fup@celsius, mode:FULL, rate:0, size:9
2026-03-31 17:35:08, EXEC, v:1, k:fup@celsius, mode:FULL, rate:100, size:9
2026-03-31 17:35:12, MOVE, v:1, k:fup@celsius, mode:BACK
2026-03-31 17:35:53, SELF, v:1, k:fup@pintando, self:1, friend:Hanna
2026-03-31 17:36:19, SELF, v:1, k:fup@celsius, self:1, rate:100, friend:Hanna
2026-03-31 17:36:20, MOVE, v:1, k:fup@celsius, mode:PICK
2026-03-31 17:36:21, EXEC, v:1, k:fup@celsius, mode:FULL, rate:100
2026-03-31 17:36:23, MOVE, v:1, k:fup@celsius, mode:BACK
2026-03-31 17:36:29, MOVE, v:1, k:fup@pintando, mode:DOWN
